[    0.000000] Initializing cgroup subsys cpuset
[    0.000000] Initializing cgroup subsys cpu
[    0.000000] Initializing cgroup subsys cpuacct
[    0.000000] Linux version 4.4.0-165-generic (buildd@lgw01-amd64-027) (gcc version 5.4.0 20160609 (Ubuntu 5.4.0-6ubuntu1~16.04.10) ) #193-Ubuntu SMP Tue Sep 17 17:42:52 UTC 2019 (Ubuntu 4.4.0-165.193-generic 4.4.189)
[    0.000000] Command line: BOOT_IMAGE=/boot/vmlinuz-4.4.0-165-generic root=LABEL=cloudimg-rootfs ro console=tty1 console=ttyS0
[    0.000000] KERNEL supported cpus:
[    0.000000]   Intel GenuineIntel
[    0.000000]   AMD AuthenticAMD
[    0.000000]   Centaur CentaurHauls
[    0.000000] x86/fpu: xstate_offset[2]:  576, xstate_sizes[2]:  256
[    0.000000] x86/fpu: Supporting XSAVE feature 0x01: 'x87 floating point registers'
[    0.000000] x86/fpu: Supporting XSAVE feature 0x02: 'SSE registers'
[    0.000000] x86/fpu: Supporting XSAVE feature 0x04: 'AVX registers'
[    0.000000] x86/fpu: Enabled xstate features 0x7, context size is 832 bytes, using 'standard' format.
[    0.000000] e820: BIOS-provided physical RAM map:
[    0.000000] BIOS-e820: [mem 0x0000000000000000-0x000000000009fbff] usable
[    0.000000] BIOS-e820: [mem 0x000000000009fc00-0x000000000009ffff] reserved
[    0.000000] BIOS-e820: [mem 0x00000000000f0000-0x00000000000fffff] reserved
[    0.000000] BIOS-e820: [mem 0x0000000000100000-0x000000003ffeffff] usable
[    0.000000] BIOS-e820: [mem 0x000000003fff0000-0x000000003fffffff] ACPI data
[    0.000000] BIOS-e820: [mem 0x00000000fec00000-0x00000000fec00fff] reserved
[    0.000000] BIOS-e820: [mem 0x00000000fee00000-0x00000000fee00fff] reserved
[    0.000000] BIOS-e820: [mem 0x00000000fffc0000-0x00000000ffffffff] reserved
[    0.000000] NX (Execute Disable) protection: active
[    0.000000] SMBIOS 2.5 present.
[    0.000000] Hypervisor detected: KVM
[    0.000000] e820: last_pfn = 0x3fff0 max_arch_pfn = 0x400000000
[    0.000000] MTRR: Disabled
[    0.000000] x86/PAT: MTRRs disabled, skipping PAT initialization too.
[    0.000000] CPU MTRRs all blank - virtualized system.
[    0.000000] x86/PAT: Configuration [0-7]: WB  WT  UC- UC  WB  WT  UC- UC  
[    0.000000] found SMP MP-table at [mem 0x0009fff0-0x0009ffff] mapped at [ffff88000009fff0]
[    0.000000] Scanning 1 areas for low memory corruption
[    0.000000] RAMDISK: [mem 0x362fa000-0x37174fff]
[    0.000000] ACPI: Early table checksum verification disabled
[    0.000000] ACPI: RSDP 0x00000000000E0000 000024 (v02 VBOX  )
[    0.000000] ACPI: XSDT 0x000000003FFF0030 00003C (v01 VBOX   VBOXXSDT 00000001 ASL  00000061)
[    0.000000] ACPI: FACP 0x000000003FFF00F0 0000F4 (v04 VBOX   VBOXFACP 00000001 ASL  00000061)
[    0.000000] ACPI: DSDT 0x000000003FFF0470 0022EA (v02 VBOX   VBOXBIOS 00000002 INTL 20100528)
[    0.000000] ACPI: FACS 0x000000003FFF0200 000040
[    0.000000] ACPI: FACS 0x000000003FFF0200 000040
[    0.000000] ACPI: APIC 0x000000003FFF0240 00005C (v02 VBOX   VBOXAPIC 00000001 ASL  00000061)
[    0.000000] ACPI: SSDT 0x000000003FFF02A0 0001CC (v01 VBOX   VBOXCPUT 00000002 INTL 20100528)
[    0.000000] No NUMA configuration found
[    0.000000] Faking a node at [mem 0x0000000000000000-0x000000003ffeffff]
[    0.000000] NODE_DATA(0) allocated [mem 0x3ffeb000-0x3ffeffff]
[    0.000000] kvm-clock: Using msrs 4b564d01 and 4b564d00
[    0.000000] kvm-clock: cpu 0, msr 0:3ffe3001, primary cpu clock
[    0.000000] kvm-clock: using sched offset of 4196349718 cycles
[    0.000000] clocksource: kvm-clock: mask: 0xffffffffffffffff max_cycles: 0x1cd42e4dffb, max_idle_ns: 881590591483 ns
[    0.000000] Zone ranges:
[    0.000000]   DMA      [mem 0x0000000000001000-0x0000000000ffffff]
[    0.000000]   DMA32    [mem 0x0000000001000000-0x000000003ffeffff]
[    0.000000]   Normal   empty
[    0.000000]   Device   empty
[    0.000000] Movable zone start for each node
[    0.000000] Early memory node ranges
[    0.000000]   node   0: [mem 0x0000000000001000-0x000000000009efff]
[    0.000000]   node   0: [mem 0x0000000000100000-0x000000003ffeffff]
[    0.000000] Initmem setup node 0 [mem 0x0000000000001000-0x000000003ffeffff]
[    0.000000] ACPI: PM-Timer IO Port: 0x4008
[    0.000000] IOAPIC[0]: apic_id 2, version 32, address 0xfec00000, GSI 0-23
[    0.000000] ACPI: INT_SRC_OVR (bus 0 bus_irq 0 global_irq 2 dfl dfl)
[    0.000000] ACPI: INT_SRC_OVR (bus 0 bus_irq 9 global_irq 9 low level)
[    0.000000] Using ACPI (MADT) for SMP configuration information
[    0.000000] smpboot: Allowing 2 CPUs, 0 hotplug CPUs
[    0.000000] PM: Registered nosave memory: [mem 0x00000000-0x00000fff]
[    0.000000] PM: Registered nosave memory: [mem 0x0009f000-0x0009ffff]
[    0.000000] PM: Registered nosave memory: [mem 0x000a0000-0x000effff]
[    0.000000] PM: Registered nosave memory: [mem 0x000f0000-0x000fffff]
[    0.000000] e820: [mem 0x40000000-0xfebfffff] available for PCI devices
[    0.000000] Booting paravirtualized kernel on KVM
[    0.000000] clocksource: refined-jiffies: mask: 0xffffffff max_cycles: 0xffffffff, max_idle_ns: 7645519600211568 ns
[    0.000000] setup_percpu: NR_CPUS:512 nr_cpumask_bits:512 nr_cpu_ids:2 nr_node_ids:1
[    0.000000] PERCPU: Embedded 34 pages/cpu @ffff88003fc00000 s99544 r8192 d31528 u1048576
[    0.000000] Built 1 zonelists in Node order, mobility grouping on.  Total pages: 257912
[    0.000000] Policy zone: DMA32
[    0.000000] Kernel command line: BOOT_IMAGE=/boot/vmlinuz-4.4.0-165-generic root=LABEL=cloudimg-rootfs ro console=tty1 console=ttyS0
[    0.000000] PID hash table entries: 4096 (order: 3, 32768 bytes)
[    0.000000] Memory: 997732K/1048120K available (8621K kernel code, 1335K rwdata, 4032K rodata, 1484K init, 1284K bss, 50388K reserved, 0K cma-reserved)
[    0.000000] SLUB: HWalign=64, Order=0-3, MinObjects=0, CPUs=2, Nodes=1
[    0.000000] Kernel/User page tables isolation: enabled
[    0.000000] Hierarchical RCU implementation.
[    0.000000] 	Build-time adjustment of leaf fanout to 64.
[    0.000000] 	RCU restricting CPUs from NR_CPUS=512 to nr_cpu_ids=2.
[    0.000000] RCU: Adjusting geometry for rcu_fanout_leaf=64, nr_cpu_ids=2
[    0.000000] NR_IRQS:33024 nr_irqs:440 16
[    0.000000] Console: colour VGA+ 80x25
[    0.000000] console [tty1] enabled
[    0.000000] console [ttyS0] enabled
[    0.000000] tsc: Detected 2711.998 MHz processor
[    0.189365] Calibrating delay loop (skipped) preset value.. 5423.99 BogoMIPS (lpj=10847992)
[    0.191516] pid_max: default: 32768 minimum: 301
[    0.192887] ACPI: Core revision 20150930
[    0.195648] ACPI: 2 ACPI AML tables successfully acquired and loaded
[    0.197575] Security Framework initialized
[    0.198762] Yama: becoming mindful.
[    0.200258] AppArmor: AppArmor initialized
[    0.201699] Dentry cache hash table entries: 131072 (order: 8, 1048576 bytes)
[    0.206686] Inode-cache hash table entries: 65536 (order: 7, 524288 bytes)
[    0.208563] Mount-cache hash table entries: 2048 (order: 2, 16384 bytes)
[    0.210342] Mountpoint-cache hash table entries: 2048 (order: 2, 16384 bytes)
[    0.212310] Initializing cgroup subsys io
[    0.213441] Initializing cgroup subsys memory
[    0.214680] Initializing cgroup subsys devices
[    0.215923] Initializing cgroup subsys freezer
[    0.217311] Initializing cgroup subsys net_cls
[    0.218562] Initializing cgroup subsys perf_event
[    0.219865] Initializing cgroup subsys net_prio
[    0.221205] Initializing cgroup subsys hugetlb
[    0.222441] Initializing cgroup subsys pids
[    0.225436] mce: CPU supports 0 MCE banks
[    0.226803] Last level iTLB entries: 4KB 64, 2MB 8, 4MB 8
[    0.228613] Last level dTLB entries: 4KB 64, 2MB 0, 4MB 0, 1GB 4
[    0.231019] Spectre V1 : Mitigation: usercopy/swapgs barriers and __user pointer sanitization
[    0.233447] Spectre V2 : Mitigation: Full generic retpoline
[    0.234876] Spectre V2 : Spectre v2 / SpectreRSB mitigation: Filling RSB on context switch
[    0.237108] Speculative Store Bypass: Vulnerable
[    0.238478] MDS: Vulnerable: Clear CPU buffers attempted, no microcode
[    0.243500] Freeing SMP alternatives memory: 36K
[    0.251969] ftrace: allocating 32318 entries in 127 pages
[    0.327499] smpboot: APIC(0) Converting physical 0 to logical package 0
[    0.328999] smpboot: Max logical packages: 1
[    0.330529] x2apic enabled
[    0.331877] Switched APIC routing to physical x2apic.
[    0.334941] ..TIMER: vector=0x30 apic1=0 pin1=2 apic2=-1 pin2=-1
[    0.444685] smpboot: CPU0: Intel(R) Core(TM) i5-7200U CPU @ 2.50GHz (family: 0x6, model: 0x8e, stepping: 0x9)
[    0.448728] Performance Events: unsupported p6 CPU model 142 no PMU driver, software events only.
[    0.466544] KVM setup paravirtual spinlock
[    0.468909] x86: Booting SMP configuration:
[    0.470573] .... node  #0, CPUs:      #1
[    0.471654] kvm-clock: cpu 1, msr 0:3ffe3041, secondary cpu clock
[    0.475647] mce: CPU supports 0 MCE banks
[    0.483062] x86: Booted up 1 node, 2 CPUs
[    0.484820] smpboot: Total of 2 processors activated (10847.99 BogoMIPS)
[    0.487829] devtmpfs: initialized
[    0.491827] evm: security.selinux
[    0.493148] evm: security.SMACK64
[    0.494434] evm: security.SMACK64EXEC
[    0.495862] evm: security.SMACK64TRANSMUTE
[    0.497350] evm: security.SMACK64MMAP
[    0.498815] evm: security.ima
[    0.500253] evm: security.capability
[    0.501894] clocksource: jiffies: mask: 0xffffffff max_cycles: 0xffffffff, max_idle_ns: 7645041785100000 ns
[    0.504975] futex hash table entries: 512 (order: 3, 32768 bytes)
[    0.507355] pinctrl core: initialized pinctrl subsystem
[    0.509328] RTC time: 15:14:10, date: 10/13/19
[    0.511207] NET: Registered protocol family 16
[    0.526631] cpuidle: using governor ladder
[    0.538331] cpuidle: using governor menu
[    0.539780] PCCT header not found.
[    0.541394] ACPI: bus type PCI registered
[    0.542836] acpiphp: ACPI Hot Plug PCI Controller Driver version: 0.5
[    0.545418] PCI: Using configuration type 1 for base access
[    0.563500] ACPI: Added _OSI(Module Device)
[    0.565134] ACPI: Added _OSI(Processor Device)
[    0.566906] ACPI: Added _OSI(3.0 _SCP Extensions)
[    0.568685] ACPI: Added _OSI(Processor Aggregator Device)
[    0.571579] ACPI: Executed 1 blocks of module-level executable AML code
[    0.576446] ACPI: Interpreter enabled
[    0.578124] ACPI: (supports S0 S5)
[    0.579392] ACPI: Using IOAPIC for interrupt routing
[    0.581400] PCI: Using host bridge windows from ACPI; if necessary, use "pci=nocrs" and report a bug
[    0.590477] ACPI: PCI Root Bridge [PCI0] (domain 0000 [bus 00-ff])
[    0.592905] acpi PNP0A03:00: _OSC: OS supports [ASPM ClockPM Segments MSI]
[    0.595719] acpi PNP0A03:00: _OSC: not requesting OS control; OS requires [ExtendedConfig ASPM ClockPM MSI]
[    0.599069] acpi PNP0A03:00: fail to add MMCONFIG information, can't access extended PCI configuration space under this bridge.
[    0.603295] PCI host bridge to bus 0000:00
[    0.604356] pci_bus 0000:00: root bus resource [io  0x0000-0x0cf7 window]
[    0.606997] pci_bus 0000:00: root bus resource [io  0x0d00-0xffff window]
[    0.608702] pci_bus 0000:00: root bus resource [mem 0x000a0000-0x000bffff window]
[    0.611239] pci_bus 0000:00: root bus resource [mem 0x40000000-0xfdffffff window]
[    0.613713] pci_bus 0000:00: root bus resource [bus 00-ff]
[    0.618112] pci 0000:00:01.1: legacy IDE quirk: reg 0x10: [io  0x01f0-0x01f7]
[    0.620893] pci 0000:00:01.1: legacy IDE quirk: reg 0x14: [io  0x03f6]
[    0.623024] pci 0000:00:01.1: legacy IDE quirk: reg 0x18: [io  0x0170-0x0177]
[    0.625276] pci 0000:00:01.1: legacy IDE quirk: reg 0x1c: [io  0x0376]
[    0.663581] pci 0000:00:07.0: quirk: [io  0x4000-0x403f] claimed by PIIX4 ACPI
[    0.665607] pci 0000:00:07.0: quirk: [io  0x4100-0x410f] claimed by PIIX4 SMB
[    0.679821] ACPI: PCI Interrupt Link [LNKA] (IRQs 5 9 10 *11)
[    0.681875] ACPI: PCI Interrupt Link [LNKB] (IRQs 5 9 *10 11)
[    0.683751] ACPI: PCI Interrupt Link [LNKC] (IRQs 5 *9 10 11)
[    0.685683] ACPI: PCI Interrupt Link [LNKD] (IRQs 5 9 10 *11)
[    0.687562] ACPI: Enabled 2 GPEs in block 00 to 07
[    0.689287] vgaarb: setting as boot device: PCI:0000:00:02.0
[    0.690596] vgaarb: device added: PCI:0000:00:02.0,decodes=io+mem,owns=io+mem,locks=none
[    0.692646] vgaarb: loaded
[    0.693448] vgaarb: bridge control possible 0000:00:02.0
[    0.695000] SCSI subsystem initialized
[    0.696167] ACPI: bus type USB registered
[    0.697261] usbcore: registered new interface driver usbfs
[    0.698544] usbcore: registered new interface driver hub
[    0.699842] usbcore: registered new device driver usb
[    0.701577] PCI: Using ACPI for IRQ routing
[    0.703317] NetLabel: Initializing
[    0.704248] NetLabel:  domain hash size = 128
[    0.705359] NetLabel:  protocols = UNLABELED CIPSOv4
[    0.709573] NetLabel:  unlabeled traffic allowed by default
[    0.711126] amd_nb: Cannot enumerate AMD northbridges
[    0.712430] clocksource: Switched to clocksource kvm-clock
[    0.725704] AppArmor: AppArmor Filesystem Enabled
[    0.726972] pnp: PnP ACPI init
[    0.728775] pnp: PnP ACPI: found 3 devices
[    0.739619] clocksource: acpi_pm: mask: 0xffffff max_cycles: 0xffffff, max_idle_ns: 2085701024 ns
[    0.741941] NET: Registered protocol family 2
[    0.743448] TCP established hash table entries: 8192 (order: 4, 65536 bytes)
[    0.745005] TCP bind hash table entries: 8192 (order: 5, 131072 bytes)
[    0.746564] TCP: Hash tables configured (established 8192 bind 8192)
[    0.748225] UDP hash table entries: 512 (order: 2, 16384 bytes)
[    0.749601] UDP-Lite hash table entries: 512 (order: 2, 16384 bytes)
[    0.751074] NET: Registered protocol family 1
[    0.752171] pci 0000:00:00.0: Limiting direct PCI/PCI transfers
[    0.753567] pci 0000:00:01.0: Activating ISA DMA hang workarounds
[    0.755126] Unpacking initramfs...
[    1.017545] Freeing initrd memory: 14828K
[    1.018856] clocksource: tsc: mask: 0xffffffffffffffff max_cycles: 0x27178451938, max_idle_ns: 440795251172 ns
[    1.021725] platform rtc_cmos: registered platform RTC device (no PNP device found)
[    1.023955] Scanning for low memory corruption every 60 seconds
[    1.026083] audit: initializing netlink subsys (disabled)
[    1.027568] audit: type=2000 audit(1570979656.486:1): initialized
[    1.029379] Initialise system trusted keyring
[    1.031018] HugeTLB registered 2 MB page size, pre-allocated 0 pages
[    1.034055] zbud: loaded
[    1.035412] VFS: Disk quotas dquot_6.6.0
[    1.036726] VFS: Dquot-cache hash table entries: 512 (order 0, 4096 bytes)
[    1.038730] squashfs: version 4.0 (2009/01/31) Phillip Lougher
[    1.040675] fuse init (API version 7.23)
[    1.041992] Key type big_key registered
[    1.043184] Allocating IMA MOK and blacklist keyrings.
[    1.047683] Key type asymmetric registered
[    1.048751] Asymmetric key parser 'x509' registered
[    1.050006] Block layer SCSI generic (bsg) driver version 0.4 loaded (major 249)
[    1.052051] io scheduler noop registered
[    1.053093] io scheduler deadline registered (default)
[    1.054349] io scheduler cfq registered
[    1.055429] pci_hotplug: PCI Hot Plug PCI Core version: 0.5
[    1.056754] pciehp: PCI Express Hot Plug Controller Driver version: 0.4
[    1.058803] ACPI: AC Adapter [AC] (on-line)
[    1.060017] input: Power Button as /devices/LNXSYSTM:00/LNXPWRBN:00/input/input0
[    1.062224] ACPI: Power Button [PWRF]
[    1.063375] input: Sleep Button as /devices/LNXSYSTM:00/LNXSLPBN:00/input/input1
[    1.065532] ACPI: Sleep Button [SLPF]
[    1.066960] GHES: HEST is not enabled!
[    1.068862] ACPI: Battery Slot [BAT0] (battery present)
[    1.070264] Serial: 8250/16550 driver, 32 ports, IRQ sharing enabled
[    1.092509] 00:02: ttyS0 at I/O 0x3f8 (irq = 4, base_baud = 115200) is a 16550A
[    1.100049] Linux agpgart interface v0.103
[    1.103011] loop: module loaded
[    1.104616] scsi host0: ata_piix
[    1.105767] scsi host1: ata_piix
[    1.106712] ata1: PATA max UDMA/33 cmd 0x1f0 ctl 0x3f6 bmdma 0xd000 irq 14
[    1.108232] ata2: PATA max UDMA/33 cmd 0x170 ctl 0x376 bmdma 0xd008 irq 15
[    1.109909] libphy: Fixed MDIO Bus: probed
[    1.111302] tun: Universal TUN/TAP device driver, 1.6
[    1.112562] tun: (C) 1999-2004 Max Krasnyansky <maxk@qualcomm.com>
[    1.114102] PPP generic driver version 2.4.2
[    1.115306] ehci_hcd: USB 2.0 'Enhanced' Host Controller (EHCI) Driver
[    1.116870] ehci-pci: EHCI PCI platform driver
[    1.117989] ehci-platform: EHCI generic platform driver
[    1.119221] ohci_hcd: USB 1.1 'Open' Host Controller (OHCI) Driver
[    1.120692] ohci-pci: OHCI PCI platform driver
[    1.121873] ohci-platform: OHCI generic platform driver
[    1.123131] uhci_hcd: USB Universal Host Controller Interface driver
[    1.124607] i8042: PNP: PS/2 Controller [PNP0303:PS2K,PNP0f03:PS2M] at 0x60,0x64 irq 1,12
[    1.127489] serio: i8042 KBD port at 0x60,0x64 irq 1
[    1.128749] serio: i8042 AUX port at 0x60,0x64 irq 12
[    1.130585] mousedev: PS/2 mouse device common for all mice
[    1.132892] rtc_cmos rtc_cmos: rtc core: registered rtc_cmos as rtc0
[    1.134638] rtc_cmos rtc_cmos: alarms up to one day, 114 bytes nvram
[    1.136245] input: AT Translated Set 2 keyboard as /devices/platform/i8042/serio0/input/input2
[    1.138602] i2c /dev entries driver
[    1.139700] device-mapper: uevent: version 1.0.3
[    1.141127] device-mapper: ioctl: 4.34.0-ioctl (2015-10-28) initialised: dm-devel@redhat.com
[    1.143431] ledtrig-cpu: registered to indicate activity on CPUs
[    1.145906] NET: Registered protocol family 10
[    1.147476] NET: Registered protocol family 17
[    1.148672] Key type dns_resolver registered
[    1.150810] registered taskstats version 1
[    1.151992] Loading compiled-in X.509 certificates
[    1.153850] Loaded X.509 cert 'Build time autogenerated kernel key: 0ed82eac04367aa6426493b1389455ebf6830eaa'
[    1.156474] zswap: loaded using pool lzo/zbud
[    1.160364] Key type trusted registered
[    1.166597] Key type encrypted registered
[    1.167797] AppArmor: AppArmor sha1 policy hashing enabled
[    1.169287] ima: No TPM chip found, activating TPM-bypass!
[    1.170760] ima: Allocated hash algorithm: sha1
[    1.172014] evm: HMAC attrs: 0x1
[    1.173647]   Magic number: 7:759:234
[    1.174892] rtc_cmos rtc_cmos: setting system clock to 2019-10-13 15:14:11 UTC (1570979651)
[    1.177327] BIOS EDD facility v0.16 2004-Jun-25, 0 devices found
[    1.178853] EDD information not available.
[    1.266203] Freeing unused kernel memory: 1484K
[    1.267489] Write protecting the kernel read-only data: 14336k
[    1.269671] Freeing unused kernel memory: 1608K
[    1.271263] Freeing unused kernel memory: 64K
Loading, please wait...
starting version[    1.289004] random: udevadm: uninitialized urandom read (16 bytes read, 3 bits of entropy available)
[    1.291588] random: systemd-udevd: uninitialized urandom read (16 bytes read, 3 bits of entropy available)
[    1.295648] random: udevadm: uninitialized urandom read (16 bytes read, 3 bits of entropy available)
 229
[    1.306485] random: systemd-udevd: uninitialized urandom read (16 bytes read, 3 bits of entropy available)
[    1.307140] random: udevadm: uninitialized urandom read (16 bytes read, 3 bits of entropy available)
[    1.307182] random: udevadm: uninitialized urandom read (16 bytes read, 3 bits of entropy available)
[    1.307445] random: udevadm: uninitialized urandom read (16 bytes read, 3 bits of entropy available)
[    1.307519] random: udevadm: uninitialized urandom read (16 bytes read, 3 bits of entropy available)
[    1.307591] random: udevadm: uninitialized urandom read (16 bytes read, 3 bits of entropy available)
[    1.307664] random: udevadm: uninitialized urandom read (16 bytes read, 3 bits of entropy available)
[    1.366933] e1000: Intel(R) PRO/1000 Network Driver - version 7.3.21-k8-NAPI
[    1.368590] e1000: Copyright (c) 1999-2006 Intel Corporation.
[    1.376918] Fusion MPT base driver 3.04.20
[    1.378607] Copyright (c) 1999-2008 LSI Corporation
[    1.407425] Fusion MPT SPI Host driver 3.04.20
[    1.435803] AVX2 version of gcm_enc/dec engaged.
[    1.437499] AES CTR mode by8 optimization enabled
[    1.604799] input: ImExPS/2 Generic Explorer Mouse as /devices/platform/i8042/serio1/input/input4
[    1.784201] e1000 0000:00:03.0 eth0: (PCI:33MHz:32-bit) 02:0e:9b:2d:5b:92
[    1.785975] e1000 0000:00:03.0 eth0: Intel(R) PRO/1000 Network Connection
[    2.184404] e1000 0000:00:08.0 eth1: (PCI:33MHz:32-bit) 08:00:27:9a:5f:58
[    2.186272] e1000 0000:00:08.0 eth1: Intel(R) PRO/1000 Network Connection
[    2.189753] e1000 0000:00:03.0 enp0s3: renamed from eth0
[    2.191314] mptbase: ioc0: Initiating bringup
[    2.208811] e1000 0000:00:08.0 enp0s8: renamed from eth1
[    2.260954] ioc0: LSI53C1030 A0: Capabilities={Initiator}
[    2.425013] scsi host2: ioc0: LSI53C1030 A0, FwRev=00000000h, Ports=1, MaxQ=256, IRQ=20
[    2.537682] scsi 2:0:0:0: Direct-Access     VBOX     HARDDISK         1.0  PQ: 0 ANSI: 5
[    2.540749] scsi target2:0:0: Beginning Domain Validation
[    2.545331] scsi target2:0:0: Domain Validation skipping write tests
[    2.546969] scsi target2:0:0: Ending Domain Validation
[    2.548314] scsi target2:0:0: asynchronous
[    2.549888] scsi 2:0:1:0: Direct-Access     VBOX     HARDDISK         1.0  PQ: 0 ANSI: 5
[    2.551892] scsi target2:0:1: Beginning Domain Validation
[    2.569825] scsi target2:0:1: Domain Validation skipping write tests
[    2.571372] scsi target2:0:1: Ending Domain Validation
[    2.572824] scsi target2:0:1: asynchronous
[    2.581265] sd 2:0:0:0: Attached scsi generic sg0 type 0
[    2.582897] sd 2:0:0:0: [sda] 20971520 512-byte logical blocks: (10.7 GB/10.0 GiB)
[    2.584949] sd 2:0:1:0: [sdb] 20480 512-byte logical blocks: (10.5 MB/10.0 MiB)
[    2.586892] sd 2:0:1:0: Attached scsi generic sg1 type 0
[    2.588732] sd 2:0:1:0: [sdb] Write Protect is off
[    2.590591] sd 2:0:0:0: [sda] Write Protect is off
[    2.590717] sd 2:0:1:0: [sdb] Incomplete mode parameter data
[    2.590718] sd 2:0:1:0: [sdb] Assuming drive cache: write through
[    2.596033] sd 2:0:0:0: [sda] Incomplete mode parameter data
[    2.597306] sd 2:0:1:0: [sdb] Attached SCSI disk
[    2.599253] sd 2:0:0:0: [sda] Assuming drive cache: write through
[    2.603575]  sda: sda1
[    2.605757] sd 2:0:0:0: [sda] Attached SCSI disk
Begin: Loading essential drivers ... [    4.147267] md: linear personality registered for level -1
[    4.151576] md: multipath personality registered for level -4
[    4.156007] md: raid0 personality registered for level 0
[    4.161497] md: raid1 personality registered for level 1
[    4.232815] raid6: sse2x1   gen()  8500 MB/s
[    4.300885] raid6: sse2x1   xor()  6465 MB/s
[    4.369191] raid6: sse2x2   gen() 11646 MB/s
[    4.436480] raid6: sse2x2   xor()  6770 MB/s
[    4.504857] raid6: sse2x4   gen() 12871 MB/s
[    4.573213] raid6: sse2x4   xor()  8000 MB/s
[    4.640518] raid6: avx2x1   gen() 16169 MB/s
[    4.708958] raid6: avx2x2   gen() 21196 MB/s
[    4.777157] raid6: avx2x4   gen() 24382 MB/s
[    4.778398] raid6: using algorithm avx2x4 gen() 24382 MB/s
[    4.780116] raid6: using avx2x2 recovery algorithm
[    4.783198] xor: automatically using best checksumming function:
[    4.820611]    avx       : 20918.000 MB/sec
[    4.823387] async_tx: api initialized (async)
[    4.837279] md: raid6 personality registered for level 6
[    4.839262] md: raid5 personality registered for level 5
[    4.841604] md: raid4 personality registered for level 4
[    4.851984] md: raid10 personality registered for level 10
done.
Begin: Running /scripts/init-premount ... done.
Begin: Mounting root file system ... Begin: Running /scripts/local-top ... done.
Begin: Running /scripts/local-premount ... [    4.896767] Btrfs loaded
Scanning for Btrfs filesystems
done.
Warning: fsck not present, so skipping root file system
[    4.937858] EXT4-fs (sda1): mounted filesystem with ordered data mode. Opts: (null)
done.
Begin: Running /scripts/local-bottom ... done.
Begin: Running /scripts/init-bottom ... done.
[    5.052893] systemd[1]: systemd 229 running in system mode. (+PAM +AUDIT +SELINUX +IMA +APPARMOR +SMACK +SYSVINIT +UTMP +LIBCRYPTSETUP +GCRYPT +GNUTLS +ACL +XZ -LZ4 +SECCOMP +BLKID +ELFUTILS +KMOD -IDN)
[    5.057371] systemd[1]: Detected virtualization oracle.
[    5.059017] systemd[1]: Detected architecture x86-64.

Welcome to [1mUbuntu 16.04.6 LTS[0m!

[    5.064120] systemd[1]: Set hostname to <ubuntu>.
[    5.067639] systemd[1]: Initializing machine ID from random generator.
[    5.069248] systemd[1]: Installed transient /etc/machine-id file.
[    5.249885] systemd[1]: Started Forward Password Requests to Wall Directory Watch.
[[0;32m  OK  [0m] Started Forward Password Requests to Wall Directory Watch.
[    5.253890] systemd[1]: Reached target Encrypted Volumes.
[[0;32m  OK  [0m] Reached target Encrypted Volumes.
[    5.257535] systemd[1]: Set up automount Arbitrary Executable File Formats File System Automount Point.
[[0;32m  OK  [0m] Set up automount Arbitrary Executab...ats File System Automount Point.
[    5.261982] systemd[1]: Created slice System Slice.
[[0;32m  OK  [0m] Created slice System Slice.
[    5.268906] systemd[1]: Listening on Journal Socket (/dev/log).
[[0;32m  OK  [0m] Listening on Journal Socket (/dev/log).
[    5.272663] systemd[1]: Listening on Syslog Socket.
[[0;32m  OK  [0m] Listening on Syslog Socket.
[    5.281194] systemd[1]: Reached target System Time Synchronized.
[[0;32m  OK  [0m] Reached target System Time Synchronized.
[    5.284092] systemd[1]: Listening on Journal Socket.
[[0;32m  OK  [0m] Listening on Journal Socket.
[    5.301539] systemd[1]: Mounting Debug File System...
         Mounting Debug File System...
[    5.306040] systemd[1]: Starting Remount Root and Kernel File Systems...
         Starting Remount Root and Kernel File Systems...
[    5.312503] systemd[1]: Starting Nameserver information manager...
         Starting Nameser[    5.316258] EXT4-fs (sda1): re-mounted. Opts: (null)
ver information manager...
[    5.320894] systemd[1]: Mounting Huge Pages File System...
         Mounting Huge Pages File System...
[    5.327469] systemd[1]: Starting Load Kernel Modules...
         Starting Load Kernel Modules...
[    5.332229] systemd[1]: Starting Uncomplicated firewall...
         Starting Uncomplicated firewall...
[    5.337003] systemd[1]: Starting Set console keymap...
         Starting Set console keymap...
[    5.341715] systemd[1]: Mounting POSIX Message Queue File System...
         Mounting POSIX Message Queue File System...
[    5.346836] systemd[1]: Listening on udev Kernel Socket.
[[0;32m  OK  [0m] Listening on udev Kernel Socket.
[    5.351618] Loading iSCSI transport class v2.0-870.
[    5.351653] systemd[1]: Created slice system-serial\x2dgetty.slice.
[[0;32m  OK  [0m] Created slice system-serial\x2dgetty.slice.
[    5.360080] systemd[1]: Reached target Swap.
[[0;32m  OK  [0m] Reached target Swap.
[    5.364077] systemd[1]: Listening on Device-mapper event daemon FIFOs.
[[0;32m  OK  [0m] Listening on Device-mapper event daemon FIFOs.
[    5.367838] systemd[1]: Reached target User and Group Name Lookups.
[[0;32m  OK  [0m] Reached target User and Group Name Lookups.
[    5.371811] systemd[1]: Listening on LVM2 poll daemon socket.
[[0;32m  OK  [0m] Listening on LVM2 poll daemon socket.
[    5.374679] systemd[1]: Listening on udev Control Socket.
[    5.376308] iscsi: registered transport (tcp)
[[0;32m  OK  [0m] Listening on udev Control Socket.
[    5.379289] systemd[1]: Listening on /dev/initctl Compatibility Named Pipe.
[[0;32m  OK  [0m] Listening on /dev/initctl Compatibility Named Pipe.
[    5.384085] systemd[1]: Listening on LVM2 metadata daemon socket.
[[0;32m  OK  [0m] Listening on LVM2 metadata daemon socket.
[    5.408754] systemd[1]: Starting Monitoring of LVM2 mirrors, snapshots etc. using dmeventd or progress polling...
         Starting Monitoring of LVM2 mirrors... dmeventd or progress polling...
[    5.413950] systemd[1]: Listening on Journal Audit Socket.
[[0;32m  OK  [0m] Listening on Journal Audit Socket.
[    5.418708] systemd[1]: Starting Journal Service...
         Starting Journal Service...
[    5.421876] systemd[1]: Created slice User and Session Slice.
[[0;32m  OK  [0m] Created slice User and Session Slice.
[    5.431785] systemd[1]: Reached target Slices.
[[0;32m  OK  [0m] Reached target Slices.
[    5.446306] iscsi: registered transport (iser)
[    5.448743] systemd[1]: Starting Create list of required static device nodes for the current kernel...
         Starting Create list of required st... nodes for the current kernel...
[    5.454276] systemd[1]: Started Trigger resolvconf update for networkd DNS.
[[0;32m  OK  [0m] Started Trigger resolvconf update for networkd DNS.
[    5.461378] systemd[1]: Mounted POSIX Message Queue File System.
[[0;32m  OK  [0m] Mounted POSIX Message Queue File System.
[    5.464906] systemd[1]: Mounted Debug File System.
[[0;32m  OK  [0m] Mounted Debug File System.
[    5.467224] systemd[1]: Mounted Huge Pages File System.
[[0;32m  OK  [0m] Mounted Huge Pages File System.
[    5.471643] systemd[1]: Started Remount Root and Kernel File Systems.
[[0;32m  OK  [0m] Started Remount Root and Kernel File Systems.
[    5.493658] systemd[1]: Started Load Kernel Modules.
[[0;32m  OK  [0m] Started Load Kernel Modules.
[    5.497422] systemd[1]: Started Uncomplicated firewall.
[[0;32m  OK  [0m] Started Uncomplicated firewall.
[    5.501538] systemd[1]: Started Set console keymap.
[[0;32m  OK  [0m] Started Set console keymap.
[    5.504466] systemd[1]: Started Create list of required static device nodes for the current kernel.
[[0;32m  OK  [0m] Started Create list of required sta...ce nodes for the current kernel.
[    5.509307] systemd[1]: Started Nameserver information manager.
[[0;32m  OK  [0m] Started Nameserver information manager.
[    5.514627] systemd[1]: Started Journal Service.
[[0;32m  OK  [0m] Started Journal Service.
[[0;32m  OK  [0m] Started LVM2 metadata daemon.
         Starting Create Static Device Nodes in /dev...
         Starting Apply Kernel Variables...
         Mounting FUSE Control File System...
[    5.599704] random: nonblocking pool is initialized
         Starting udev Coldplug all Devices...
         Starting Flush Journal to Persistent Storage...
         Starting Load/Save Random Seed...
[[0;32m  OK  [0m] Mounted FUSE Control File System.
[[0;32m  OK  [0m] Started Apply Kernel Variables.
[[0;32m  OK  [0m] Started Load/Save Random Seed.
[[0;32m  OK  [0m] Started Create Static Device Nodes in /dev.
[[0;32m  OK  [0m] Started Flush Journal to Persistent Storage.
         Starting udev Kernel Device Manager...
[[0;32m  OK  [0m] Started udev Coldplug all Devices.
[[0;32m  OK  [0m] Started udev Kernel Device Manager.
[[0;32m  OK  [0m] Started Dispatch Password Requests to Console Directory Watch.
[[0;32m  OK  [0m] Found device /dev/ttyS0.
[[0;32m  OK  [0m] Listening on Load/Save RF Kill Switch Status /dev/rfkill Watch.
[[0;32m  OK  [0m] Started Monitoring of LVM2 mirrors,...ng dmeventd or progress polling.
[[0;32m  OK  [0m] Reached target Local File Systems (Pre).
[[0;32m  OK  [0m] Reached target Local File Systems.
         Starting Set console font and keymap...
         Starting Create Volatile Files and Directories...
         Starting Tell Plymouth To Write Out Runtime Data...
         Starting LSB: AppArmor initialization...
         Starting Initial cloud-init job (pre-networking)...
         Starting Commit a transient machine-id on disk...
[[0;32m  OK  [0m] Started Tell Plymouth To Write Out Runtime Data.
[[0;32m  OK  [0m] Started Create Volatile Files and Directories.
[[0;32m  OK  [0m] Started Commit a transient machine-id on disk.
         Starting Update UTMP about System Boot/Shutdown...
[[0;32m  OK  [0m] Started Update UTMP about System Boot/Shutdown.
[    8.347420] [[0;32m  OK  [0m] Started Initial cloud-init job (pre-networking).
cloud-init[537]: Cloud-init v. 19.2-36-g059d049c-0ubuntu1~16.04.1 running 'init-local' at Sun, 13 Oct 2019 15:14:18 +0000. Up 7.57 seconds.
[[0;32m  OK  [0m] Reached target Network (Pre).
[[0;32m  OK  [0m] Started LSB: AppArmor initialization.
         Starting Raise network interfaces...
[[0;32m  OK  [0m] Started Set console font and keymap.
[[0;32m  OK  [0m] Created slice system-getty.slice.
[[0;32m  OK  [0m] Started Raise network interfaces.
[[0;32m  OK  [0m] Reached target Network.
         Starting Initial cloud-init job (metadata service crawler)...
[   11.455299] cloud-init[966]: Cloud-init v. 19.2-36-g059d049c-0ubuntu1~16.04.1 running 'init' at Sun, 13 Oct 2019 15:14:21 +0000. Up 10.52 seconds.
[   11.459449] cloud-init[966]: ci-info: ++++++++++++++++++++++++++++++++++++++Net device info++++++++++++++++++++++++++++++++++++++
[   11.463061] cloud-init[966]: ci-info: +--------+-------+---------------------------+---------------+--------+-------------------+
[   11.466363] cloud-init[966]: ci-info: | Device |   Up  |          Address          |      Mask     | Scope  |     Hw-Address    |
[   11.474018] cloud-init[966]: ci-info: +--------+-------+---------------------------+---------------+--------+-------------------+
[   11.482351] cloud-init[966]: ci-info: | enp0s3 |  True |         10.0.2.15         | 255.255.255.0 | global | 02:0e:9b:2d:5b:92 |
[   11.485281] cloud-init[966]: ci-info: | enp0s3 |  True | fe80::e:9bff:fe2d:5b92/64 |       .       |  link  | 02:0e:9b:2d:5b:92 |
[   11.487726] cloud-init[966]: ci-info: | enp0s8 | False |             .             |       .       |   .    | 08:00:27:9a:5f:58 |
[   11.490878] cloud-init[966]: ci-info: |   lo   |  True |         127.0.0.1         |   255.0.0.0   |  host  |         .         |
[   11.494565] cloud-init[966]: ci-info: |   lo   |  True |          ::1/128          |       .       |  host  |         .         |
[   11.497642] cloud-init[966]: ci-info: +--------+-------+---------------------------+---------------+--------+-------------------+
[   11.501135] cloud-init[966]: ci-info: +++++++++++++++++++++++++++Route IPv4 info++++++++++++++++++++++++++++
[   11.504828] cloud-init[966]: ci-info: +-------+-------------+----------+---------------+-----------+-------+
[   11.508045] cloud-init[966]: ci-info: | Route | Destination | Gateway  |    Genmask    | Interface | Flags |
[   11.510898] cloud-init[966]: ci-info: +-------+-------------+----------+---------------+-----------+-------+
[   11.513455] cloud-init[966]: ci-info: |   0   |   0.0.0.0   | 10.0.2.2 |    0.0.0.0    |   enp0s3  |   UG  |
[   11.515858] cloud-init[966]: ci-info: |   1   |   10.0.2.0  | 0.0.0.0  | 255.255.255.0 |   enp0s3  |   U   |
[   11.518300] cloud-init[966]: ci-info: +-------+-------------+----------+---------------+-----------+-------+
[   11.533044] cloud-init[966]: ci-info: +++++++++++++++++++Route IPv6 info+++++++++++++++++++
[   11.536372] [cloud-init[0;32m  OK  [0m[966]: ] ci-info: +-------+-------------+---------+-----------+-------+Started Initial cloud-init job (metadata service crawler).

[   11.541356] [[0;32m  OK  [0m] Reached target Network is Online.
cloud-init[966]: ci-info: | Route | Destination | Gateway | Interface | Flags |
[   11.545948] cloud-init[966]: ci-info: +-------+-------------+---------+-----------+-------+
[   11.549569] cloud-init[966]: ci-info: |   0   |  fe80::/64  |    ::   |   enp0s3  |   U   |
[   11.553166] cloud-init[966]: ci-info: |   3   |   ff00::/8  |    ::   |   enp0s3  |   U   |
[   11.555469] cloud-init[966]: ci-info: +-------+-------------+---------+-----------+-------+
[   11.558063] cloud-init[966]: Generating public/private rsa key pair.
[   11.558487] cloud-init[966]: Your identification has been saved in /etc/ssh/ssh_host_rsa_key.
         Starting iSCSI initiator daemon (iscsid)...
[   11.558593] cloud-init[966]: Your public key has been saved in /etc/ssh/ssh_host_rsa_key.pub.
[   11.563634] cloud-init[966]: The key fingerprint is:
[   11.563958] cloud-init[966]: SHA256:4X52gIWTB4hMAII9M7QW0X8oa+87HqJoRQIiydP+Uyc root@ubuntu-xenial
[   11.564502] cloud-init[966]: The key's randomart image is:
[   11.565646] cloud-init[966]: +---[RSA 2048]----+
[   11.566332] cloud-init[966]: |==**.. ..        |
[   11.567155] cloud-init[966]: |Bo=++ .  +       |
[   11.567966] cloud-init[966]: |+ =+ . .= o      |
[   11.568918] cloud-init[966]: | o o. oE.B       |
[   11.569608] cloud-init[966]: |  o .o..S .      |
[   11.570338] cloud-init[966]: |   .oo .   .     |
[   11.571034] cloud-init[966]: |  ....o . o .    |
[   11.571727] cloud-init[966]: | o . .o. o .     |
[   11.572904] cloud-init[966]: |o .  o+o         |
[   11.573772] cloud-init[966]: +----[SHA256]-----+
[   11.574476] cloud-init[966]: Generating public/private dsa key pair.
[[0;32m  OK  [0m] Reached target Cloud-config availability.
[   11.575474] cloud-init[966]: Your identification has been saved in /etc/ssh/ssh_host_dsa_key.
[   11.582247] cloud-init[966]: Your public key has been saved in /etc/ssh/ssh_host_dsa_key.pub.
[   11.582479] cloud-init[966]: The key fingerprint is:
[[0;32m  OK  [0m] Reached target System Initialization.
[[0;32m  OK  [0m] Listening on ACPID Listen Socket.
[   11.582597] cloud-init[966]: SHA256:T1Qm/kEBNkRxSIDUc/mBPwTZangHAzovWe5hG7754gM root@ubuntu-xenial
         Starting LXD - unix socket.
[   11.590230] cloud-init[966]: The key's randomart image is:
[   11.592832] cloud-init[966]: +---[DSA 1024]----+
[   11.594474] cloud-init[966]: |     ..oo*@X*.   |
[   11.597456] cloud-init[966]: |      ..ooOB+    |
[   11.597679] cloud-init[966]: |      o .+oB..   |
[   11.597966] cloud-init[966]: |       *..+.=.   |
[   11.598284] cloud-init[966]: |      o So....   |
[   11.598849] cloud-init[966]: |      E= *       |
[   11.599211] cloud-init[966]: |       .+ .      |
[   11.599795] cloud-init[966]: |        oo       |
[   11.600579] cloud-init[966]: |       .++.      |
[[0;32m  OK  [0m] Started ACPI Events Check.
[[0;32m  OK  [0m] Reached target Paths.
[[0;32m  OK  [0m] Listening on UUID daemon activation socket.
[[0;32m  OK  [0m] Started Daily Cleanup of Temporary Directories.
         Starting Socket activation for snappy daemon.
[[0;32m  OK  [0m] Listening on D-Bus System Message Bus Socket.
[[0;32m  OK  [0m] Started Daily apt download activities.
[[0;32m  OK  [0m] Started Daily apt upgrade and clean activities.
[   11.600732] cloud-init[966]: +----[SHA256]-----+
[   11.613357] [cloud-init[0;32m  OK  [0m[966]: ] Generating public/private ecdsa key pair.Reached target Timers.

[   11.617433] cloud-init[966]: Your identification has been saved in /etc/ssh/ssh_host_ecdsa_key.
[   11.629952] [[0;32m  OK  [0m] Listening on LXD - unix socket.
[[0;32m  OK  [0m] Listening on Socket activation for snappy daemon.
cloud-init[966]: Your public key has been saved in /etc/ssh/ssh_host_ecdsa_key.pub.
[   11.637329] cloud-init[966]: The key fingerprint is:
[   11.644555] [[0;32m  OK  [0m] Started iSCSI initiator daemon (iscsid).
cloud-init[966]: SHA256:eNJ5q0UI74+UPN9y29m++ORkzG137dNLxaFvBMZ58LQ root@ubuntu-xenial
[   11.647473] cloud-init[966]: The key's randomart image is:
[   11.649046] cloud-init[966]: +---[ECDSA 256]---+
[   11.650680] cloud-init[966]: |             . . |
[   11.652199] cloud-init[966]: |            . = .|
[   11.654138]          Starting Login to default iSCSI targets...
[[0;32m  OK  [0m] Reached target Sockets.
[[0;32m  OK  [0m] Reached target Basic System.
cloud-init[966]: |      .      = E |
[   11.658401] [[0;32m  OK  [0m] Started D-Bus System Message Bus.
cloud-init[966]: |       = o  . +..|
[   11.660886] cloud-init[966]: |      o S o  . .o|
[   11.662823] cloud-init[966]: |       = + .  = +|
[   11.664398] cloud-init[966]: |        * o    XB|
[   11.672329] cloud-init[966]: |       . B....O*+|
[   11.680535] cloud-init[966]: |        o oooo+*B|
[   11.682113] cloud-init[966]: +----[SHA256]-----+
[   11.683965] cloud-init[966]: Generating public/private ed25519 key pair.
[   11.686053] cloud-init[966]: Your identification has been saved in /etc/ssh/ssh_host_ed25519_key.
[   11.688485] cloud-init[966]: Your public key has been saved in /etc/ssh/ssh_host_ed25519_key.pub.
[   11.691157] cloud-init[966]: The key fingerprint is:
[   11.693202] cloud-init[966]: SHA256:NW+ASdli2U1eSzsuuUWCCWekVrN6rmvMVD3UacHJFnA root@ubuntu-xenial
[   11.696242] cloud-init[966]: The key's randomart image is:
[   11.698201] cloud-init[966]: +--[ED25519 256]--+
[   11.699951] cloud-init[966]: |        o**oo=E= |
[   11.701700] cloud-init[966]: |       .=Oo*o+Oo |
         Starting Pollinate to seed the pseudo random number generator...
         Starting Accounts Service...
         Starting Login Service...
[[0;32m  OK  [0m] Started Regular background program processing daemon.
         Starting Snappy daemon...
[[0;32m  OK  [0m] Started FUSE filesystem for LXC.
         Starting LSB: MD monitoring daemon...
[[0;32m  OK  [0m] Started Deferred execution scheduler.
         Starting LXD - container startup/shutdown...
[   11.710630] cloud-init[966]: |       .=.Booo=  |
[[0;32m  OK  [0m] Started ACPI event daemon.
         Starting Virtualbox guest utils...
         Starting System Logging Service...
         Starting /etc/rc.local Compatibility...
[   11.755548]          Starting LSB: Record successful boot for GRUB...
[[0;32m  OK  [0m] Started /etc/rc.local Compatibility.
cloud-init[966]: |       . o.+o= . |
[   11.791704] cloud-init[966]: |        S.. =.o  |
[   11.806311] cloud-init[966]: |        .o . +   |
[   11.812942] cloud-init[966]: |       +  . .    |
[   11.817277] cloud-init[966]: |        +.       |
[   11.856563] cloud-init[966]: |       .o.       |
[   11.862509] cloud-init[966]: +----[SHA256]-----+
[[0;32m  OK  [0m] Started System Logging Service.
[[0;32m  OK  [0m] Started Login to default iSCSI targets.
[[0;32m  OK  [0m] Started LSB: MD monitoring daemon.
[[0;32m  OK  [0m] Started Login Service.
[[0;32m  OK  [0m] Started Unattended Upgrades Shutdown.
         Starting Authenticate and Authorize Users to Run Privileged Tasks...
[[0;32m  OK  [0m] Reached target Remote File Systems (Pre).
[[0;32m  OK  [0m] Reached target Remote File Systems.
         Starting LSB: Set the CPU Frequency Scaling governor to "ondemand"...
         Starting Permit User Sessions...
         Starting LSB: automatic crash report generation...
         Starting LSB: daemon to balance interrupts for SMP systems...
[[0;32m  OK  [0m] Started LXD - container startup/shutdown.
[[0;32m  OK  [0m] Started LSB: Record successful boot for GRUB.
[[0;32m  OK  [0m] Started Permit User Sessions.
[[0;32m  OK  [0m] Started Authenticate and Authorize Users to Run Privileged Tasks.
[[0;32m  OK  [0m] Started Accounts Service.
         Starting Hold until boot process finishes up...
         Starting Terminate Plymouth Boot Screen...
[[0;32m  OK  [0m] Started Hold until boot process finishes up.
[[0;32m  OK  [0m] Started LSB: Set the CPU Frequency Scaling governor to "ondemand".
[[0;32m  OK  [0m] Started Serial Getty on ttyS0.
         Starting Set console scheme...
[[0;32m  OK  [0m] Started Getty on tty1.
[[0;32m  OK  [0m] Reached target Login Prompts.
[[0;32m  OK  [0m] Started LSB: automatic crash report generation.
[[0;32m  OK  [0m] Started LSB: daemon to balance interrupts for SMP systems.
[[0;32m  OK  [0m] Started Terminate Plymouth Boot Screen.
[[0;32m  OK  [0m] Started Virtualbox guest utils.
[[0;32m  OK  [0m] Started Set console scheme.
[[0;32m  OK  [0m] Started Snappy daemon.
         Starting Wait until snapd is fully seeded...
[[0;32m  OK  [0m] Started Pollinate to seed the pseudo random number generator.
         Starting OpenBSD Secure Shell server...
[[0;32m  OK  [0m] Started OpenBSD Secure Shell server.
[[0;32m  OK  [0m] Created slice User Slice of vagrant.
         Starting User Manager for UID 1000...
[[0;32m  OK  [0m] Started Session 1 of user vagrant.
[[0;32m  OK  [0m] Started User Manager for UID 1000.
[[0;32m  OK  [0m] Started Wait until snapd is fully seeded.
         Starting Apply the settings specified in cloud-config...
[[0;32m  OK  [0m] Reached target Multi-User System.
[[0;32m  OK  [0m] Reached target Graphical Interface.
         Starting Update UTMP about System Runlevel Changes...
[[0;32m  OK  [0m] Started Update UTMP about System Runlevel Changes.
[   15.770467] cloud-init[1470]: Generating locales (this might take a while)...
[   17.310952] cloud-init[1470]:   en_US.UTF-8... done
[   17.338846] cloud-init[1470]: Generation complete.
[   17.740896] cloud-init[1470]: Cloud-init v. 19.2-36-g059d049c-0ubuntu1~16.04.1 running 'modules:config' at Sun, 13 Oct 2019 15:14:26 +0000. Up 15.56 seconds.

Ubuntu 16.04.6 LTS ubuntu-xenial ttyS0

ubuntu-xenial login: ci-info: no authorized ssh keys fingerprints found for user ubuntu.
<14>Oct 13 15:14:29 ec2: 
<14>Oct 13 15:14:29 ec2: #############################################################
<14>Oct 13 15:14:29 ec2: -----BEGIN SSH HOST KEY FINGERPRINTS-----
<14>Oct 13 15:14:29 ec2: 1024 SHA256:T1Qm/kEBNkRxSIDUc/mBPwTZangHAzovWe5hG7754gM root@ubuntu-xenial (DSA)
<14>Oct 13 15:14:29 ec2: 256 SHA256:eNJ5q0UI74+UPN9y29m++ORkzG137dNLxaFvBMZ58LQ root@ubuntu-xenial (ECDSA)
<14>Oct 13 15:14:29 ec2: 256 SHA256:NW+ASdli2U1eSzsuuUWCCWekVrN6rmvMVD3UacHJFnA root@ubuntu-xenial (ED25519)
<14>Oct 13 15:14:29 ec2: 2048 SHA256:4X52gIWTB4hMAII9M7QW0X8oa+87HqJoRQIiydP+Uyc root@ubuntu-xenial (RSA)
<14>Oct 13 15:14:29 ec2: -----END SSH HOST KEY FINGERPRINTS-----
<14>Oct 13 15:14:29 ec2: #############################################################
-----BEGIN SSH HOST KEY KEYS-----
ecdsa-sha2-nistp256 AAAAE2VjZHNhLXNoYTItbmlzdHAyNTYAAAAIbmlzdHAyNTYAAABBBMjv39lw8j7Qq3Da5K3AxfBPwzpbOjvTLneM3OEWN+pWZv7gy24INo5dE+gjfP/VZ3GXAny7lVYbqYD3AQBu5K8= root@ubuntu-xenial
ssh-ed25519 AAAAC3NzaC1lZDI1NTE5AAAAIJ7rP/zIecV0nj6tgC5JlUwCGdXZXi7yKDxNKmUj0XKZ root@ubuntu-xenial
ssh-rsa AAAAB3NzaC1yc2EAAAADAQABAAABAQDPBPezkKBImRHWOXbRmvfkTAhaO4xJvacTBIBRYm33KY5TlLuDTzAREl703dbwgwmEkHh3cHPNjM8vADkbNG43XPhrWHw2+l4Xj4VS/OJtdvyF2a/LL+4B1W/+a/acgA5bdJFwhOAAHG5ckC4r3AoGcLZj2Ub7umIKx/Z+CVPFz46rCqJwh7/PgpyW5thJcq1ULe0GFtYcXDyW5uRPisxWdM0uOBAK7po42snXBFRXsHZxIlWzXm48aK+lGeUwMWjYlz7E3R9qjLh1GFkdqsHaSdcWbMcjYtO6z7mXw5X6UQ0jmO6be68k6p7fSay9Momy5Bv0BoMhw4LrsTZuMhDP root@ubuntu-xenial
-----END SSH HOST KEY KEYS-----
[   18.817608] cloud-init[1582]: Cloud-init v. 19.2-36-g059d049c-0ubuntu1~16.04.1 running 'modules:final' at Sun, 13 Oct 2019 15:14:29 +0000. Up 18.52 seconds.
[   18.821599] cloud-init[1582]: ci-info: no authorized ssh keys fingerprints found for user ubuntu.
[   18.824265] cloud-init[1582]: Cloud-init v. 19.2-36-g059d049c-0ubuntu1~16.04.1 finished at Sun, 13 Oct 2019 15:14:29 +0000. Datasource DataSourceNoCloud [seed=/dev/sdb][dsmode=net].  Up 18.80 seconds
