[    0.000000] Initializing cgroup subsys cpuset
[    0.000000] Initializing cgroup subsys cpu
[    0.000000] Initializing cgroup subsys cpuacct
[    0.000000] Linux version 4.4.0-165-generic (buildd@lgw01-amd64-027) (gcc version 5.4.0 20160609 (Ubuntu 5.4.0-6ubuntu1~16.04.10) ) #193-Ubuntu SMP Tue Sep 17 17:42:52 UTC 2019 (Ubuntu 4.4.0-165.193-generic 4.4.189)
[    0.000000] Command line: BOOT_IMAGE=/boot/vmlinuz-4.4.0-165-generic root=LABEL=cloudimg-rootfs ro console=tty1 console=ttyS0
[    0.000000] KERNEL supported cpus:
[    0.000000]   Intel GenuineIntel
[    0.000000]   AMD AuthenticAMD
[    0.000000]   Centaur CentaurHauls
[    0.000000] x86/fpu: xstate_offset[2]:  576, xstate_sizes[2]:  256
[    0.000000] x86/fpu: Supporting XSAVE feature 0x01: 'x87 floating point registers'
[    0.000000] x86/fpu: Supporting XSAVE feature 0x02: 'SSE registers'
[    0.000000] x86/fpu: Supporting XSAVE feature 0x04: 'AVX registers'
[    0.000000] x86/fpu: Enabled xstate features 0x7, context size is 832 bytes, using 'standard' format.
[    0.000000] e820: BIOS-provided physical RAM map:
[    0.000000] BIOS-e820: [mem 0x0000000000000000-0x000000000009fbff] usable
[    0.000000] BIOS-e820: [mem 0x000000000009fc00-0x000000000009ffff] reserved
[    0.000000] BIOS-e820: [mem 0x00000000000f0000-0x00000000000fffff] reserved
[    0.000000] BIOS-e820: [mem 0x0000000000100000-0x000000003ffeffff] usable
[    0.000000] BIOS-e820: [mem 0x000000003fff0000-0x000000003fffffff] ACPI data
[    0.000000] BIOS-e820: [mem 0x00000000fec00000-0x00000000fec00fff] reserved
[    0.000000] BIOS-e820: [mem 0x00000000fee00000-0x00000000fee00fff] reserved
[    0.000000] BIOS-e820: [mem 0x00000000fffc0000-0x00000000ffffffff] reserved
[    0.000000] NX (Execute Disable) protection: active
[    0.000000] SMBIOS 2.5 present.
[    0.000000] Hypervisor detected: KVM
[    0.000000] e820: last_pfn = 0x3fff0 max_arch_pfn = 0x400000000
[    0.000000] MTRR: Disabled
[    0.000000] x86/PAT: MTRRs disabled, skipping PAT initialization too.
[    0.000000] CPU MTRRs all blank - virtualized system.
[    0.000000] x86/PAT: Configuration [0-7]: WB  WT  UC- UC  WB  WT  UC- UC  
[    0.000000] found SMP MP-table at [mem 0x0009fff0-0x0009ffff] mapped at [ffff88000009fff0]
[    0.000000] Scanning 1 areas for low memory corruption
[    0.000000] RAMDISK: [mem 0x361e2000-0x370e8fff]
[    0.000000] ACPI: Early table checksum verification disabled
[    0.000000] ACPI: RSDP 0x00000000000E0000 000024 (v02 VBOX  )
[    0.000000] ACPI: XSDT 0x000000003FFF0030 00003C (v01 VBOX   VBOXXSDT 00000001 ASL  00000061)
[    0.000000] ACPI: FACP 0x000000003FFF00F0 0000F4 (v04 VBOX   VBOXFACP 00000001 ASL  00000061)
[    0.000000] ACPI: DSDT 0x000000003FFF0470 0022EA (v02 VBOX   VBOXBIOS 00000002 INTL 20100528)
[    0.000000] ACPI: FACS 0x000000003FFF0200 000040
[    0.000000] ACPI: FACS 0x000000003FFF0200 000040
[    0.000000] ACPI: APIC 0x000000003FFF0240 00005C (v02 VBOX   VBOXAPIC 00000001 ASL  00000061)
[    0.000000] ACPI: SSDT 0x000000003FFF02A0 0001CC (v01 VBOX   VBOXCPUT 00000002 INTL 20100528)
[    0.000000] No NUMA configuration found
[    0.000000] Faking a node at [mem 0x0000000000000000-0x000000003ffeffff]
[    0.000000] NODE_DATA(0) allocated [mem 0x3ffeb000-0x3ffeffff]
[    0.000000] kvm-clock: Using msrs 4b564d01 and 4b564d00
[    0.000000] kvm-clock: cpu 0, msr 0:3ffe3001, primary cpu clock
[    0.000000] kvm-clock: using sched offset of 3964234328 cycles
[    0.000000] clocksource: kvm-clock: mask: 0xffffffffffffffff max_cycles: 0x1cd42e4dffb, max_idle_ns: 881590591483 ns
[    0.000000] Zone ranges:
[    0.000000]   DMA      [mem 0x0000000000001000-0x0000000000ffffff]
[    0.000000]   DMA32    [mem 0x0000000001000000-0x000000003ffeffff]
[    0.000000]   Normal   empty
[    0.000000]   Device   empty
[    0.000000] Movable zone start for each node
[    0.000000] Early memory node ranges
[    0.000000]   node   0: [mem 0x0000000000001000-0x000000000009efff]
[    0.000000]   node   0: [mem 0x0000000000100000-0x000000003ffeffff]
[    0.000000] Initmem setup node 0 [mem 0x0000000000001000-0x000000003ffeffff]
[    0.000000] ACPI: PM-Timer IO Port: 0x4008
[    0.000000] IOAPIC[0]: apic_id 2, version 32, address 0xfec00000, GSI 0-23
[    0.000000] ACPI: INT_SRC_OVR (bus 0 bus_irq 0 global_irq 2 dfl dfl)
[    0.000000] ACPI: INT_SRC_OVR (bus 0 bus_irq 9 global_irq 9 low level)
[    0.000000] Using ACPI (MADT) for SMP configuration information
[    0.000000] smpboot: Allowing 2 CPUs, 0 hotplug CPUs
[    0.000000] PM: Registered nosave memory: [mem 0x00000000-0x00000fff]
[    0.000000] PM: Registered nosave memory: [mem 0x0009f000-0x0009ffff]
[    0.000000] PM: Registered nosave memory: [mem 0x000a0000-0x000effff]
[    0.000000] PM: Registered nosave memory: [mem 0x000f0000-0x000fffff]
[    0.000000] e820: [mem 0x40000000-0xfebfffff] available for PCI devices
[    0.000000] Booting paravirtualized kernel on KVM
[    0.000000] clocksource: refined-jiffies: mask: 0xffffffff max_cycles: 0xffffffff, max_idle_ns: 7645519600211568 ns
[    0.000000] setup_percpu: NR_CPUS:512 nr_cpumask_bits:512 nr_cpu_ids:2 nr_node_ids:1
[    0.000000] PERCPU: Embedded 34 pages/cpu @ffff88003fc00000 s99544 r8192 d31528 u1048576
[    0.000000] Built 1 zonelists in Node order, mobility grouping on.  Total pages: 257912
[    0.000000] Policy zone: DMA32
[    0.000000] Kernel command line: BOOT_IMAGE=/boot/vmlinuz-4.4.0-165-generic root=LABEL=cloudimg-rootfs ro console=tty1 console=ttyS0
[    0.000000] PID hash table entries: 4096 (order: 3, 32768 bytes)
[    0.000000] Memory: 997172K/1048120K available (8621K kernel code, 1335K rwdata, 4032K rodata, 1484K init, 1284K bss, 50948K reserved, 0K cma-reserved)
[    0.000000] SLUB: HWalign=64, Order=0-3, MinObjects=0, CPUs=2, Nodes=1
[    0.000000] Kernel/User page tables isolation: enabled
[    0.000000] Hierarchical RCU implementation.
[    0.000000] 	Build-time adjustment of leaf fanout to 64.
[    0.000000] 	RCU restricting CPUs from NR_CPUS=512 to nr_cpu_ids=2.
[    0.000000] RCU: Adjusting geometry for rcu_fanout_leaf=64, nr_cpu_ids=2
[    0.000000] NR_IRQS:33024 nr_irqs:440 16
[    0.000000] Console: colour VGA+ 80x25
[    0.000000] console [tty1] enabled
[    0.000000] console [ttyS0] enabled
[    0.000000] tsc: Detected 2711.998 MHz processor
[    0.278376] Calibrating delay loop (skipped) preset value.. 5423.99 BogoMIPS (lpj=10847992)
[    0.282132] pid_max: default: 32768 minimum: 301
[    0.284203] ACPI: Core revision 20150930
[    0.288112] ACPI: 2 ACPI AML tables successfully acquired and loaded
[    0.290222] Security Framework initialized
[    0.291526] Yama: becoming mindful.
[    0.292714] AppArmor: AppArmor initialized
[    0.294086] Dentry cache hash table entries: 131072 (order: 8, 1048576 bytes)
[    0.300363] Inode-cache hash table entries: 65536 (order: 7, 524288 bytes)
[    0.302662] Mount-cache hash table entries: 2048 (order: 2, 16384 bytes)
[    0.305403] Mountpoint-cache hash table entries: 2048 (order: 2, 16384 bytes)
[    0.307838] Initializing cgroup subsys io
[    0.309220] Initializing cgroup subsys memory
[    0.310332] Initializing cgroup subsys devices
[    0.311658] Initializing cgroup subsys freezer
[    0.313424] Initializing cgroup subsys net_cls
[    0.314925] Initializing cgroup subsys perf_event
[    0.316528] Initializing cgroup subsys net_prio
[    0.318358] Initializing cgroup subsys hugetlb
[    0.319755] Initializing cgroup subsys pids
[    0.322039] mce: CPU supports 0 MCE banks
[    0.323115] Last level iTLB entries: 4KB 64, 2MB 8, 4MB 8
[    0.324436] Last level dTLB entries: 4KB 64, 2MB 0, 4MB 0, 1GB 4
[    0.326111] Spectre V1 : Mitigation: usercopy/swapgs barriers and __user pointer sanitization
[    0.328997] Spectre V2 : Mitigation: Full generic retpoline
[    0.330860] Spectre V2 : Spectre v2 / SpectreRSB mitigation: Filling RSB on context switch
[    0.333156] Speculative Store Bypass: Vulnerable
[    0.335083] MDS: Vulnerable: Clear CPU buffers attempted, no microcode
[    0.341940] Freeing SMP alternatives memory: 36K
[    0.351161] ftrace: allocating 32318 entries in 127 pages
[    0.474788] smpboot: APIC(0) Converting physical 0 to logical package 0
[    0.477091] smpboot: Max logical packages: 1
[    0.479673] x2apic enabled
[    0.481514] Switched APIC routing to physical x2apic.
[    0.485885] ..TIMER: vector=0x30 apic1=0 pin1=2 apic2=-1 pin2=-1
[    0.593327] smpboot: CPU0: Intel(R) Core(TM) i5-7200U CPU @ 2.50GHz (family: 0x6, model: 0x8e, stepping: 0x9)
[    0.597328] Performance Events: unsupported p6 CPU model 142 no PMU driver, software events only.
[    0.617852] KVM setup paravirtual spinlock
[    0.620354] x86: Booting SMP configuration:
[    0.621864] .... node  #0, CPUs:      #1
[    0.623284] kvm-clock: cpu 1, msr 0:3ffe3041, secondary cpu clock
[    0.626550] mce: CPU supports 0 MCE banks
[    0.629902] x86: Booted up 1 node, 2 CPUs
[    0.631855] smpboot: Total of 2 processors activated (10847.99 BogoMIPS)
[    0.634973] devtmpfs: initialized
[    0.638258] evm: security.selinux
[    0.639555] evm: security.SMACK64
[    0.640897] evm: security.SMACK64EXEC
[    0.642474] evm: security.SMACK64TRANSMUTE
[    0.644505] evm: security.SMACK64MMAP
[    0.646995] evm: security.ima
[    0.648529] evm: security.capability
[    0.650205] clocksource: jiffies: mask: 0xffffffff max_cycles: 0xffffffff, max_idle_ns: 7645041785100000 ns
[    0.654329] futex hash table entries: 512 (order: 3, 32768 bytes)
[    0.657974] pinctrl core: initialized pinctrl subsystem
[    0.660476] RTC time: 16:12:13, date: 10/15/19
[    0.662972] NET: Registered protocol family 16
[    0.674069] cpuidle: using governor ladder
[    0.686836] cpuidle: using governor menu
[    0.688795] PCCT header not found.
[    0.690235] ACPI: bus type PCI registered
[    0.691695] acpiphp: ACPI Hot Plug PCI Controller Driver version: 0.5
[    0.693758] PCI: Using configuration type 1 for base access
[    0.712551] ACPI: Added _OSI(Module Device)
[    0.714693] ACPI: Added _OSI(Processor Device)
[    0.716857] ACPI: Added _OSI(3.0 _SCP Extensions)
[    0.718418] ACPI: Added _OSI(Processor Aggregator Device)
[    0.722074] ACPI: Executed 1 blocks of module-level executable AML code
[    0.727957] ACPI: Interpreter enabled
[    0.729332] ACPI: (supports S0 S5)
[    0.730822] ACPI: Using IOAPIC for interrupt routing
[    0.732967] PCI: Using host bridge windows from ACPI; if necessary, use "pci=nocrs" and report a bug
[    0.742625] ACPI: PCI Root Bridge [PCI0] (domain 0000 [bus 00-ff])
[    0.744558] acpi PNP0A03:00: _OSC: OS supports [ASPM ClockPM Segments MSI]
[    0.747630] acpi PNP0A03:00: _OSC: not requesting OS control; OS requires [ExtendedConfig ASPM ClockPM MSI]
[    0.750640] acpi PNP0A03:00: fail to add MMCONFIG information, can't access extended PCI configuration space under this bridge.
[    0.755412] PCI host bridge to bus 0000:00
[    0.756951] pci_bus 0000:00: root bus resource [io  0x0000-0x0cf7 window]
[    0.759093] pci_bus 0000:00: root bus resource [io  0x0d00-0xffff window]
[    0.761287] pci_bus 0000:00: root bus resource [mem 0x000a0000-0x000bffff window]
[    0.764183] pci_bus 0000:00: root bus resource [mem 0x40000000-0xfdffffff window]
[    0.766964] pci_bus 0000:00: root bus resource [bus 00-ff]
[    0.772943] pci 0000:00:01.1: legacy IDE quirk: reg 0x10: [io  0x01f0-0x01f7]
[    0.775196] pci 0000:00:01.1: legacy IDE quirk: reg 0x14: [io  0x03f6]
[    0.777164] pci 0000:00:01.1: legacy IDE quirk: reg 0x18: [io  0x0170-0x0177]
[    0.779509] pci 0000:00:01.1: legacy IDE quirk: reg 0x1c: [io  0x0376]
[    0.840374] pci 0000:00:07.0: quirk: [io  0x4000-0x403f] claimed by PIIX4 ACPI
[    0.842870] pci 0000:00:07.0: quirk: [io  0x4100-0x410f] claimed by PIIX4 SMB
[    0.864976] ACPI: PCI Interrupt Link [LNKA] (IRQs 5 9 10 *11)
[    0.868140] ACPI: PCI Interrupt Link [LNKB] (IRQs 5 9 *10 11)
[    0.870977] ACPI: PCI Interrupt Link [LNKC] (IRQs 5 *9 10 11)
[    0.873862] ACPI: PCI Interrupt Link [LNKD] (IRQs 5 9 10 *11)
[    0.876455] ACPI: Enabled 2 GPEs in block 00 to 07
[    0.879044] vgaarb: setting as boot device: PCI:0000:00:02.0
[    0.881227] vgaarb: device added: PCI:0000:00:02.0,decodes=io+mem,owns=io+mem,locks=none
[    0.884373] vgaarb: loaded
[    0.885542] vgaarb: bridge control possible 0000:00:02.0
[    0.887751] SCSI subsystem initialized
[    0.889536] ACPI: bus type USB registered
[    0.891162] usbcore: registered new interface driver usbfs
[    0.893486] usbcore: registered new interface driver hub
[    0.896411] usbcore: registered new device driver usb
[    0.898495] PCI: Using ACPI for IRQ routing
[    0.900487] NetLabel: Initializing
[    0.901761] NetLabel:  domain hash size = 128
[    0.903262] NetLabel:  protocols = UNLABELED CIPSOv4
[    0.908569] NetLabel:  unlabeled traffic allowed by default
[    0.910736] amd_nb: Cannot enumerate AMD northbridges
[    0.912637] clocksource: Switched to clocksource kvm-clock
[    0.931419] AppArmor: AppArmor Filesystem Enabled
[    0.933045] pnp: PnP ACPI init
[    0.936037] pnp: PnP ACPI: found 3 devices
[    0.951305] clocksource: acpi_pm: mask: 0xffffff max_cycles: 0xffffff, max_idle_ns: 2085701024 ns
[    0.954129] NET: Registered protocol family 2
[    0.955584] TCP established hash table entries: 8192 (order: 4, 65536 bytes)
[    0.958001] TCP bind hash table entries: 8192 (order: 5, 131072 bytes)
[    0.961088] TCP: Hash tables configured (established 8192 bind 8192)
[    0.964273] UDP hash table entries: 512 (order: 2, 16384 bytes)
[    0.966751] UDP-Lite hash table entries: 512 (order: 2, 16384 bytes)
[    0.969308] NET: Registered protocol family 1
[    0.971355] pci 0000:00:00.0: Limiting direct PCI/PCI transfers
[    0.973472] pci 0000:00:01.0: Activating ISA DMA hang workarounds
[    0.976536] Unpacking initramfs...
[    1.401443] Freeing initrd memory: 15388K
[    1.403284] clocksource: tsc: mask: 0xffffffffffffffff max_cycles: 0x27178451938, max_idle_ns: 440795251172 ns
[    1.407280] platform rtc_cmos: registered platform RTC device (no PNP device found)
[    1.410610] Scanning for low memory corruption every 60 seconds
[    1.413629] audit: initializing netlink subsys (disabled)
[    1.415325] audit: type=2000 audit(1571155939.769:1): initialized
[    1.418014] Initialise system trusted keyring
[    1.420369] HugeTLB registered 2 MB page size, pre-allocated 0 pages
[    1.425822] zbud: loaded
[    1.427644] VFS: Disk quotas dquot_6.6.0
[    1.429644] VFS: Dquot-cache hash table entries: 512 (order 0, 4096 bytes)
[    1.432122] squashfs: version 4.0 (2009/01/31) Phillip Lougher
[    1.434993] fuse init (API version 7.23)
[    1.436654] Key type big_key registered
[    1.438165] Allocating IMA MOK and blacklist keyrings.
[    1.443731] Key type asymmetric registered
[    1.445655] Asymmetric key parser 'x509' registered
[    1.447291] Block layer SCSI generic (bsg) driver version 0.4 loaded (major 249)
[    1.450372] io scheduler noop registered
[    1.452167] io scheduler deadline registered (default)
[    1.454590] io scheduler cfq registered
[    1.456102] pci_hotplug: PCI Hot Plug PCI Core version: 0.5
[    1.457866] pciehp: PCI Express Hot Plug Controller Driver version: 0.4
[    1.460139] ACPI: AC Adapter [AC] (off-line)
[    1.462014] input: Power Button as /devices/LNXSYSTM:00/LNXPWRBN:00/input/input0
[    1.464401] ACPI: Power Button [PWRF]
[    1.465717] input: Sleep Button as /devices/LNXSYSTM:00/LNXSLPBN:00/input/input1
[    1.468586] ACPI: Sleep Button [SLPF]
[    1.470182] GHES: HEST is not enabled!
[    1.471383] ACPI: Battery Slot [BAT0] (battery present)
[    1.473096] Serial: 8250/16550 driver, 32 ports, IRQ sharing enabled
[    1.495866] 00:02: ttyS0 at I/O 0x3f8 (irq = 4, base_baud = 115200) is a 16550A
[    1.501312] Linux agpgart interface v0.103
[    1.512880] loop: module loaded
[    1.515751] scsi host0: ata_piix
[    1.517433] scsi host1: ata_piix
[    1.518948] ata1: PATA max UDMA/33 cmd 0x1f0 ctl 0x3f6 bmdma 0xd000 irq 14
[    1.521137] ata2: PATA max UDMA/33 cmd 0x170 ctl 0x376 bmdma 0xd008 irq 15
[    1.523479] libphy: Fixed MDIO Bus: probed
[    1.525013] tun: Universal TUN/TAP device driver, 1.6
[    1.526764] tun: (C) 1999-2004 Max Krasnyansky <maxk@qualcomm.com>
[    1.529200] PPP generic driver version 2.4.2
[    1.530713] ehci_hcd: USB 2.0 'Enhanced' Host Controller (EHCI) Driver
[    1.532805] ehci-pci: EHCI PCI platform driver
[    1.534676] ehci-platform: EHCI generic platform driver
[    1.536758] ohci_hcd: USB 1.1 'Open' Host Controller (OHCI) Driver
[    1.538814] ohci-pci: OHCI PCI platform driver
[    1.540401] ohci-platform: OHCI generic platform driver
[    1.542283] uhci_hcd: USB Universal Host Controller Interface driver
[    1.544750] i8042: PNP: PS/2 Controller [PNP0303:PS2K,PNP0f03:PS2M] at 0x60,0x64 irq 1,12
[    1.548818] serio: i8042 KBD port at 0x60,0x64 irq 1
[    1.550143] serio: i8042 AUX port at 0x60,0x64 irq 12
[    1.551584] mousedev: PS/2 mouse device common for all mice
[    1.553699] rtc_cmos rtc_cmos: rtc core: registered rtc_cmos as rtc0
[    1.555499] rtc_cmos rtc_cmos: alarms up to one day, 114 bytes nvram
[    1.557296] i2c /dev entries driver
[    1.558424] device-mapper: uevent: version 1.0.3
[    1.559821] input: AT Translated Set 2 keyboard as /devices/platform/i8042/serio0/input/input2
[    1.562876] device-mapper: ioctl: 4.34.0-ioctl (2015-10-28) initialised: dm-devel@redhat.com
[    1.565348] ledtrig-cpu: registered to indicate activity on CPUs
[    1.567742] NET: Registered protocol family 10
[    1.569510] NET: Registered protocol family 17
[    1.570810] Key type dns_resolver registered
[    1.572243] registered taskstats version 1
[    1.573882] Loading compiled-in X.509 certificates
[    1.576598] Loaded X.509 cert 'Build time autogenerated kernel key: 0ed82eac04367aa6426493b1389455ebf6830eaa'
[    1.579458] zswap: loaded using pool lzo/zbud
[    1.583153] Key type trusted registered
[    1.591436] Key type encrypted registered
[    1.592818] AppArmor: AppArmor sha1 policy hashing enabled
[    1.594786] ima: No TPM chip found, activating TPM-bypass!
[    1.597161] ima: Allocated hash algorithm: sha1
[    1.598809] evm: HMAC attrs: 0x1
[    1.600801]   Magic number: 7:18:237
[    1.602476] rtc_cmos rtc_cmos: setting system clock to 2019-10-15 16:12:14 UTC (1571155934)
[    1.606264] BIOS EDD facility v0.16 2004-Jun-25, 0 devices found
[    1.608339] EDD information not available.
[    1.686563] Freeing unused kernel memory: 1484K
[    1.691778] Write protecting the kernel read-only data: 14336k
[    1.700464] Freeing unused kernel memory: 1608K
[    1.707101] Freeing unused kernel memory: 64K
Loading, please wait...
starting version 229
[    1.775621] random: systemd-udevd: uninitialized urandom read (16 bytes read, 3 bits of entropy available)
[    1.780329] random: udevadm: uninitialized urandom read (16 bytes read, 3 bits of entropy available)
[    1.780468] random: udevadm: uninitialized urandom read (16 bytes read, 3 bits of entropy available)
[    1.816926] random: systemd-udevd: uninitialized urandom read (16 bytes read, 3 bits of entropy available)
[    1.824638] random: systemd-udevd: uninitialized urandom read (16 bytes read, 3 bits of entropy available)
[    1.825883] random: udevadm: uninitialized urandom read (16 bytes read, 3 bits of entropy available)
[    1.826001] random: udevadm: uninitialized urandom read (16 bytes read, 3 bits of entropy available)
[    1.826437] random: udevadm: uninitialized urandom read (16 bytes read, 3 bits of entropy available)
[    1.826665] random: udevadm: uninitialized urandom read (16 bytes read, 3 bits of entropy available)
[    1.826821] random: udevadm: uninitialized urandom read (16 bytes read, 3 bits of entropy available)
[    1.902764] e1000: Intel(R) PRO/1000 Network Driver - version 7.3.21-k8-NAPI
[    1.905937] e1000: Copyright (c) 1999-2006 Intel Corporation.
[    1.907722] Fusion MPT base driver 3.04.20
[    1.908945] Copyright (c) 1999-2008 LSI Corporation
[    1.940708] Fusion MPT SPI Host driver 3.04.20
[    1.947432] AVX2 version of gcm_enc/dec engaged.
[    1.948913] AES CTR mode by8 optimization enabled
[    2.122914] input: ImExPS/2 Generic Explorer Mouse as /devices/platform/i8042/serio1/input/input4
[    2.405768] e1000 0000:00:03.0 eth0: (PCI:33MHz:32-bit) 02:0e:9b:2d:5b:92
[    2.407977] e1000 0000:00:03.0 eth0: Intel(R) PRO/1000 Network Connection
[    3.071814] e1000 0000:00:08.0 eth1: (PCI:33MHz:32-bit) 08:00:27:9a:5f:58
[    3.076269] e1000 0000:00:08.0 eth1: Intel(R) PRO/1000 Network Connection
[    3.082444] mptbase: ioc0: Initiating bringup
[    3.087117] e1000 0000:00:03.0 enp0s3: renamed from eth0
[    3.097063] e1000 0000:00:08.0 enp0s8: renamed from eth1
[    3.164571] ioc0: LSI53C1030 A0: Capabilities={Initiator}
[    3.939192] scsi host2: ioc0: LSI53C1030 A0, FwRev=00000000h, Ports=1, MaxQ=256, IRQ=20
[    4.148151] scsi 2:0:0:0: Direct-Access     VBOX     HARDDISK         1.0  PQ: 0 ANSI: 5
[    4.151083] scsi target2:0:0: Beginning Domain Validation
[    4.155411] scsi target2:0:0: Domain Validation skipping write tests
[    4.157243] scsi target2:0:0: Ending Domain Validation
[    4.159488] scsi target2:0:0: asynchronous
[    4.162185] scsi 2:0:1:0: Direct-Access     VBOX     HARDDISK         1.0  PQ: 0 ANSI: 5
[    4.165855] scsi target2:0:1: Beginning Domain Validation
[    4.187856] scsi target2:0:1: Domain Validation skipping write tests
[    4.190581] scsi target2:0:1: Ending Domain Validation
[    4.193398] scsi target2:0:1: asynchronous
[    4.207081] sd 2:0:0:0: [sda] 20971520 512-byte logical blocks: (10.7 GB/10.0 GiB)
[    4.210434] sd 2:0:0:0: [sda] Write Protect is off
[    4.212685] sd 2:0:0:0: [sda] Incomplete mode parameter data
[    4.214739] sd 2:0:0:0: [sda] Assuming drive cache: write through
[    4.217105] sd 2:0:0:0: Attached scsi generic sg0 type 0
[    4.220449] sd 2:0:1:0: [sdb] 20480 512-byte logical blocks: (10.5 MB/10.0 MiB)
[    4.225335] sd 2:0:1:0: [sdb] Write Protect is off
[    4.227741] sd 2:0:1:0: Attached scsi generic sg1 type 0
[    4.230806] sd 2:0:1:0: [sdb] Incomplete mode parameter data
[    4.232953] sd 2:0:1:0: [sdb] Assuming drive cache: write through
[    4.233005]  sda: sda1
[    4.241757] sd 2:0:0:0: [sda] Attached SCSI disk
[    4.244435] sd 2:0:1:0: [sdb] Attached SCSI disk
Begin: Loading essential drivers ... [    6.113107] md: linear personality registered for level -1
[    6.118613] md: multipath personality registered for level -4
[    6.126174] md: raid0 personality registered for level 0
[    6.133581] md: raid1 personality registered for level 1
[    6.205040] raid6: sse2x1   gen()  8666 MB/s
[    6.272987] raid6: sse2x1   xor()  5465 MB/s
[    6.341308] raid6: sse2x2   gen() 10059 MB/s
[    6.409250] raid6: sse2x2   xor()  6907 MB/s
[    6.477435] raid6: sse2x4   gen() 11634 MB/s
[    6.544735] raid6: sse2x4   xor()  7723 MB/s
[    6.613118] raid6: avx2x1   gen() 14292 MB/s
[    6.680649] raid6: avx2x2   gen() 18246 MB/s
[    6.748889] raid6: avx2x4   gen() 17610 MB/s
[    6.750474] raid6: using algorithm avx2x2 gen() 18246 MB/s
[    6.751989] raid6: using avx2x2 recovery algorithm
[    6.755810] xor: automatically using best checksumming function:
[    6.797151]    avx       : 20239.000 MB/sec
[    6.799749] async_tx: api initialized (async)
[    6.812950] md: raid6 personality registered for level 6
[    6.814490] md: raid5 personality registered for level 5
[    6.815785] md: raid4 personality registered for level 4
[    6.825014] md: raid10 personality registered for level 10
done.
Begin: Running /scripts/init-premount ... done.
Begin: Mounting root file system ... Begin: Running /scripts/local-top ... done.
Begin: Running /scripts/local-premount ... [    6.870234] Btrfs loaded
Scanning for Btrfs filesystems
done.
Warning: fsck not present, so skipping root file system
[    6.928250] EXT4-fs (sda1): mounted filesystem with ordered data mode. Opts: (null)
done.
Begin: Running /scripts/local-bottom ... done.
Begin: Running /scripts/init-bottom ... done.
[    7.117369] systemd[1]: systemd 229 running in system mode. (+PAM +AUDIT +SELINUX +IMA +APPARMOR +SMACK +SYSVINIT +UTMP +LIBCRYPTSETUP +GCRYPT +GNUTLS +ACL +XZ -LZ4 +SECCOMP +BLKID +ELFUTILS +KMOD -IDN)
[    7.122844] systemd[1]: Detected virtualization oracle.
[    7.124614] systemd[1]: Detected architecture x86-64.

Welcome to [1mUbuntu 16.04.6 LTS[0m!

[    7.137991] systemd[1]: Set hostname to <ubuntu-xenial>.
[    7.400370] systemd[1]: Reached target Encrypted Volumes.
[[0;32m  OK  [0m] Reached target Encrypted Volumes.
[    7.404414] systemd[1]: Created slice User and Session Slice.
[[0;32m  OK  [0m] Created slice User and Session Slice.
[    7.419533] systemd[1]: Started Trigger resolvconf update for networkd DNS.
[[0;32m  OK  [0m] Started Trigger resolvconf update for networkd DNS.
[    7.423585] systemd[1]: Started Forward Password Requests to Wall Directory Watch.
[[0;32m  OK  [0m] Started Forward Password Requests to Wall Directory Watch.
[    7.839653] systemd[1]: Listening on /dev/initctl Compatibility Named Pipe.
[[0;32m  OK  [0m] Listening on /dev/initctl Compatibility Named Pipe.
[    7.850251] systemd[1]: Listening on LVM2 metadata daemon socket.
[[0;32m  OK  [0m] Listening on LVM2 metadata daemon socket.
[    7.858875] systemd[1]: Listening on Journal Audit Socket.
[[0;32m  OK  [0m] Listening on Journal Audit Socket.
[    7.867963] systemd[1]: Listening on Device-mapper event daemon FIFOs.
[[0;32m  OK  [0m] Listening on Device-mapper event daemon FIFOs.
[    7.873506] systemd[1]: Listening on udev Control Socket.
[[0;32m  OK  [0m] Listening on udev Control Socket.
[    7.879408] systemd[1]: Created slice System Slice.
[[0;32m  OK  [0m] Created slice System Slice.
[    7.885742] systemd[1]: Created slice system-serial\x2dgetty.slice.
[[0;32m  OK  [0m] Created slice system-serial\x2dgetty.slice.
[    7.891622] systemd[1]: Reached target User and Group Name Lookups.
[[0;32m  OK  [0m] Reached target User and Group Name Lookups.
[    7.897074] systemd[1]: Listening on Syslog Socket.
[[0;32m  OK  [0m] Listening on Syslog Socket.
[    7.901594] systemd[1]: Reached target Slices.
[[0;32m  OK  [0m] Reached target Slices.
[    7.905734] systemd[1]: Listening on LVM2 poll daemon socket.
[[0;32m  OK  [0m] Listening on LVM2 poll daemon socket.
[    7.912003] systemd[1]: Reached target Swap.
[[0;32m  OK  [0m] Reached target Swap.
[    7.917497] systemd[1]: Listening on udev Kernel Socket.
[[0;32m  OK  [0m] Listening on udev Kernel Socket.
[    7.922815] systemd[1]: Listening on Journal Socket (/dev/log).
[[0;32m  OK  [0m] Listening on Journal Socket (/dev/log).
[    7.928588] systemd[1]: Listening on Journal Socket.
[[0;32m  OK  [0m] Listening on Journal Socket.
[    7.948943] systemd[1]: Starting Monitoring of LVM2 mirrors, snapshots etc. using dmeventd or progress polling...
         Starting Monitoring of LVM2 mirrors... dmeventd or progress polling...
[    7.956373] systemd[1]: Starting Nameserver information manager...
         Starting Nameserver information manager...
[    7.963341] systemd[1]: Mounting Huge Pages File System...
         Mounting Huge Pages File System...
[    7.968306] systemd[1]: Starting Uncomplicated firewall...
         Starting Uncomplicated firewall...
[    7.986082] systemd[1]: Starting Create list of required static device nodes for the current kernel...
         Starting Create list of required st... nodes for the current kernel...
[    7.995272] systemd[1]: Starting Remount Root and Kernel File Systems...
         Starting Remount Root and Kernel File Systems...
[    7.999507] systemd[1]: Starting Set console keymap...
[    8.003075] EXT4-fs (sda1): re-mounted. Opts: (null)
         Starting Set console keymap...
[    8.008118] systemd[1]: Starting Journal Service...
         Starting Journal Service...
[    8.013148] systemd[1]: Mounting Debug File System...
         Mounting Debug File System...
[    8.019455] systemd[1]: Starting Load Kernel Modules...
         Starting Load Kernel Modules...
[    8.022492] systemd[1]: Set up automount Arbitrary Executable File Formats File System Automount Point.
[[0;32m  OK  [0m] Set up automount Arbitrary Executab...ats File System Automount Point.
[    8.030546] systemd[1]: Reached target System Time Synchronized.
[[0;32m  OK  [0m] Reached target System Time Synchronized.
[    8.036169] Loading iSCSI transport class v2.0-870.
[    8.045024] systemd[1]: Mounting POSIX Message Queue File System...
         Mounting POSIX Message Queue File System...
[    8.058212] iscsi: registered transport (tcp)
[    8.058919] systemd[1]: Mounted POSIX Message Queue File System.
[[0;32m  OK  [0m] Mounted POSIX Message Queue File System.
[    8.063442] systemd[1]: Mounted Debug File System.
[[0;32m  OK  [0m] Mounted Debug File System.
[    8.067434] systemd[1]: Mounted Huge Pages File System.
[[0;32m  OK  [0m] Mounted Huge Pages File System.
[    8.098534] systemd[1]: Started Uncomplicated firewall.
[[0;32m  OK  [0m] Started Uncomplicated firewall.
[    8.106381] systemd[1]: Started Create list of required static device nodes for the current kernel.
[[0;32m  OK  [0m] Started Create list of required sta...ce nodes for the current kernel.
[    8.112315] systemd[1]: Started Remount Root and Kernel File Systems.
[[0;32m  OK  [0m] Started Remount Root and Kernel File Systems.
[    8.117966] systemd[1]: Started Nameserver information manager.
[[0;32m  OK  [0m] Started Nameserver information manager.
[    8.123497] systemd[1]: Started Journal Service.
[[0;32m  OK  [0m] Started Journal Service.
[    8.133603] iscsi: registered transport (iser)
[[0;32m  OK  [0m] Started Load Kernel Modules.
[[0;32m  OK  [0m] Started Set console keymap.
         Mounting FUSE Control File System...
         Starting Apply Kernel Variables...
[[0;32m  OK  [0m] Started LVM2 metadata daemon.
         Starting udev Coldplug all Devices...
         Starting Flush Journal to Persistent Storage...
         Starting Load/Save Random Seed...
         Starting Create Static Device Nodes in /dev...
[[0;32m  OK  [0m] Mounted FUSE Control File System.
[[0;32m  OK  [0m] Started Apply Kernel Variables.
[[0;32m  OK  [0m] Started Load/Save Random Seed.
[[0;32m  OK  [0m] Started Create Static Device Nodes in /dev.
[[0;32m  OK  [0m] Started udev Coldplug all Devices.
[[0;32m  OK  [0m] Started Flush Journal to Persistent Storage.
         Starting udev Kernel Device Manager...
[[0;32m  OK  [0m] Started Monitoring of LVM2 mirrors,...ng dmeventd or progress polling.
[[0;32m  OK  [0m] Reached target Local File Systems (Pre).
[[0;32m  OK  [0m] Reached target Local File Systems.
         Starting Create Volatile Files and Directories...
         Starting LSB: AppArmor initialization...
         Starting Set console font and keymap...
         Starting Initial cloud-init job (pre-networking)...
         Starting Tell Plymouth To Write Out Runtime Data...
[[0;32m  OK  [0m] Started Tell Plymouth To Write Out Runtime Data.
[[0;32m  OK  [0m] Started Create Volatile Files and Directories.
[[0;32m  OK  [0m] Started udev Kernel Device Manager.
[[0;32m  OK  [0m] Started Dispatch Password Requests to Console Directory Watch.
         Starting Update UTMP about System Boot/Shutdown...
[[0;32m  OK  [0m] Started Update UTMP about System Boot/Shutdown.
[[0;32m  OK  [0m] Started LSB: AppArmor initialization.
[[0;32m  OK  [0m] Found device /dev/ttyS0.
[[0;32m  OK  [0m] Listening on Load/Save RF Kill Switch Status /dev/rfkill Watch.
[[0;32m  OK  [0m] Found device 82540EM Gigabit Ethern...r (PRO/1000 MT Desktop Adapter).
[[0;32m  OK  [0m] Found device 82540EM Gigabit Ethern...r (PRO/1000 MT Desktop Adapter).
[[0;32m  OK  [0m] Started Set console font and keymap.
[[0;32m  OK  [0m] Created slice system-getty.slice.
[    9.856231] cloud-init[485]: Cloud-init v. 19.2-36-g059d049c-0ubuntu2~16.04.1 running 'init-local' at Tue, 15 Oct 2019 16:12:22 +0000. Up 9.35 seconds.
[[0;32m  OK  [0m] Started Initial cloud-init job (pre-networking).
[[0;32m  OK  [0m] Reached target Network (Pre).
[[0;32m  OK  [0m] Started ifup for enp0s8.
[[0;32m  OK  [0m] Started ifup for enp0s3.
         Starting Raise network interfaces...
[[0;32m  OK  [0m] Started Raise network interfaces.
[[0;32m  OK  [0m] Reached target Network.
         Starting Initial cloud-init job (metadata service crawler)...
[   11.484172] cloud-init[1081]: Cloud-init v. 19.2-36-g059d049c-0ubuntu2~16.04.1 running 'init' at Tue, 15 Oct 2019 16:12:24 +0000. Up 10.94 seconds.
[   11.487237] cloud-init[1081]: ci-info: ++++++++++++++++++++++++++++++++++++++Net device info+++++++++++++++++++++++++++++++++++++++
[   11.491063] cloud-init[1081]: ci-info: +--------+------+-----------------------------+---------------+--------+-------------------+
[   11.505021] cloud-init[1081]: ci-info: | Device |  Up  |           Address           |      Mask     | Scope  |     Hw-Address    |
[   11.511119] cloud-init[1081]: ci-info: +--------+------+-----------------------------+---------------+--------+-------------------+
[   11.516492] cloud-init[1081]: ci-info: | enp0s3 | True |          10.0.2.15          | 255.255.255.0 | global | 02:0e:9b:2d:5b:92 |
[   11.524638] cloud-init[1081]: ci-info: | enp0s3 | True |  fe80::e:9bff:fe2d:5b92/64  |       .       |  link  | 02:0e:9b:2d:5b:92 |
[   11.530055] cloud-init[1081]: ci-info: | enp0s8 | True |        192.168.10.100       | 255.255.255.0 | global | 08:00:27:9a:5f:58 |
[   11.534179] cloud-init[1081]: ci-info: | enp0s8 | True | fe80::a00:27ff:fe9a:5f58/64 |       .       |  link  | 08:00:27:9a:5f:58 |
[   11.538050] cloud-init[1081]: ci-info: |   lo   | True |          127.0.0.1          |   255.0.0.0   |  host  |         .         |
[   11.541193] cloud-init[1081]: ci-info: |   lo   | True |           ::1/128           |       .       |  host  |         .         |
[   11.545496] cloud-init[1081]: ci-info: +--------+------+-----------------------------+---------------+--------+-------------------+
[   11.553307] cloud-init[1081]: ci-info: ++++++++++++++++++++++++++++Route IPv4 info++++++++++++++++++++++++++++
[   11.559808] cloud-init[1081]: ci-info: +-------+--------------+----------+---------------+-----------+-------+
[   11.562611] cloud-init[1081]: ci-info: | Route | Destination  | Gateway  |    Genmask    | Interface | Flags |
[   11.565703] cloud-init[1081]: ci-info: +-------+--------------+----------+---------------+-----------+-------+
[   11.568688] cloud-init[1081]: ci-info: |   0   |   0.0.0.0    | 10.0.2.2 |    0.0.0.0    |   enp0s3  |   UG  |
[   11.574917] cloud-init[1081]: ci-info: |   1   |   10.0.2.0   | 0.0.0.0  | 255.255.255.0 |   enp0s3  |   U   |
[   11.577635] cloud-init[1081]: ci-info: |   2   | 192.168.10.0 | 0.0.0.0  | 255.255.255.0 |   enp0s8  |   U   |
[   11.580070] cloud-init[1081]: ci-info: +-------+--------------+----------+---------------+-----------+-------+
[   11.584150] cloud-init[1081]: ci-info: +++++++++++++++++++Route IPv6 info+++++++++++++++++++
[   11.586437] cloud-init[1081]: ci-info: +-------+-------------+---------+-----------+-------+
[   11.590309] cloud-init[1081]: ci-info: | Route | Destination | Gateway | Interface | Flags |
[   11.592734] cloud-init[1081]: ci-info: +-------+-------------+---------+-----------+-------+
[   11.595016] cloud-init[1081]: ci-info: |   0   |  fe80::/64  |    ::   |   enp0s8  |   U   |
[   11.597158] cloud-init[1081]: ci-info: |   1   |  fe80::/64  |    ::   |   enp0s3  |   U   |
[   11.599825] cloud-init[1081]: ci-info: |   4   |   ff00::/8  |    ::   |   enp0s8  |   U   |
[   11.601946] cloud-init[1081]: ci-info: |   5   |   ff00::/8  |    ::   |   enp0s3  |   U   |
[   11.606439] cloud-init[1081]: ci-info: +-------+-------------+---------+-----------+-------+
[[0;32m  OK  [0m] Started Initial cloud-init job (metadata service crawler).
[[0;32m  OK  [0m] Reached target System Initialization.
         Starting LXD - unix socket.
[[0;32m  OK  [0m] Started Daily Cleanup of Temporary Directories.
[[0;32m  OK  [0m] Started ACPI Events Check.
[[0;32m  OK  [0m] Reached target Paths.
[[0;32m  OK  [0m] Started Message of the Day.
         Starting Socket activation for snappy daemon.
[[0;32m  OK  [0m] Listening on D-Bus System Message Bus Socket.
[[0;32m  OK  [0m] Listening on UUID daemon activation socket.
[[0;32m  OK  [0m] Started Daily apt download activities.
[[0;32m  OK  [0m] Started Daily apt upgrade and clean activities.
[[0;32m  OK  [0m] Reached target Timers.
[[0;32m  OK  [0m] Listening on ACPID Listen Socket.
[[0;32m  OK  [0m] Reached target Network is Online.
         Starting iSCSI initiator daemon (iscsid)...
[[0;32m  OK  [0m] Reached target Cloud-config availability.
[[0;32m  OK  [0m] Listening on LXD - unix socket.
[[0;32m  OK  [0m] Listening on Socket activation for snappy daemon.
[[0;32m  OK  [0m] Started iSCSI initiator daemon (iscsid).
         Starting Login to default iSCSI targets...
[[0;32m  OK  [0m] Reached target Sockets.
[[0;32m  OK  [0m] Reached target Basic System.
[[0;32m  OK  [0m] Started ACPI event daemon.
[[0;32m  OK  [0m] Started Regular background program processing daemon.
         Starting Virtualbox guest utils...
         Starting LSB: Record successful boot for GRUB...
         Starting Accounts Service...
         Starting System Logging Service...
         Starting LSB: MD monitoring daemon...
[[0;32m  OK  [0m] Started Deferred execution scheduler.
[[0;32m  OK  [0m] Started D-Bus System Message Bus.
[[0;32m  OK  [0m] Started FUSE filesystem for LXC.
         Starting LXD - container startup/shutdown...
         Starting OpenBSD Secure Shell server...
         Starting /etc/rc.local Compatibility...
         Starting Snappy daemon...
         Starting Login Service...
[[0;32m  OK  [0m] Started System Logging Service.
[[0;32m  OK  [0m] Started /etc/rc.local Compatibility.
[[0;32m  OK  [0m] Started Login to default iSCSI targets.
[[0;32m  OK  [0m] Started OpenBSD Secure Shell server.
[[0;32m  OK  [0m] Started LSB: Record successful boot for GRUB.
[[0;32m  OK  [0m] Started LSB: MD monitoring daemon.
         Starting Authenticate and Authorize Users to Run Privileged Tasks...
[[0;32m  OK  [0m] Reached target Remote File Systems (Pre).
[[0;32m  OK  [0m] Reached target Remote File Systems.
         Starting LSB: automatic crash report generation...
         Starting LSB: Start Jenkins at boot time...
         Starting LSB: Set the CPU Frequency Scaling governor to "ondemand"...
         Starting Permit User Sessions...
         Starting LSB: daemon to balance interrupts for SMP systems...
[[0;32m  OK  [0m] Started LXD - container startup/shutdown.
[[0;32m  OK  [0m] Started Login Service.
[[0;32m  OK  [0m] Started Permit User Sessions.
         Starting Terminate Plymouth Boot Screen...
         Starting Hold until boot process finishes up...
[[0;32m  OK  [0m] Started Unattended Upgrades Shutdown.
[[0;32m  OK  [0m] Started Virtualbox guest utils.
[[0;32m  OK  [0m] Started LSB: automatic crash report generation.
[[0;32m  OK  [0m] Started LSB: Set the CPU Frequency Scaling governor to "ondemand".
[[0;32m  OK  [0m] Started LSB: daemon to balance interrupts for SMP systems.
[[0;32m  OK  [0m] Started Terminate Plymouth Boot Screen.
[[0;32m  OK  [0m] Started Hold until boot process finishes up.
[[0;32m  OK  [0m] Started Authenticate and Authorize Users to Run Privileged Tasks.
[[0;32m  OK  [0m] Started Accounts Service.
[[0;32m  OK  [0m] Started Serial Getty on ttyS0.
         Starting Set console scheme...
[[0;32m  OK  [0m] Started Getty on tty1.
[[0;32m  OK  [0m] Reached target Login Prompts.
[[0;32m  OK  [0m] Started Set console scheme.
[[0;32m  OK  [0m] Created slice User Slice of vagrant.
         Starting User Manager for UID 1000...
[[0;32m  OK  [0m] Started Snappy daemon.
[[0;32m  OK  [0m] Started Session 1 of user vagrant.
         Starting Wait until snapd is fully seeded...
[[0;32m  OK  [0m] Started User Manager for UID 1000.
[[0;32m  OK  [0m] Started Wait until snapd is fully seeded.
         Starting Apply the settings specified in cloud-config...
[[0;32m  OK  [0m] Created slice User Slice of jenkins.
         Starting User Manager for UID 112...
[[0;32m  OK  [0m] Started Session c1 of user jenkins.
[[0;32m  OK  [0m] Started User Manager for UID 112.
[   13.724497] cloud-init[1373]: Cloud-init v. 19.2-36-g059d049c-0ubuntu2~16.04.1 running 'modules:config' at Tue, 15 Oct 2019 16:12:26 +0000. Up 13.45 seconds.
[[0;32m  OK  [0m] Started Apply the settings specified in cloud-config.
[[0;32m  OK  [0m] Started LSB: Start Jenkins at boot time.
[[0;32m  OK  [0m] Reached target Multi-User System.
[[0;32m  OK  [0m] Reached target Graphical Interface.
         Starting Execute cloud user/final scripts...
         Starting Update UTMP about System Runlevel Changes...
[[0;32m  OK  [0m] Started Update UTMP about System Runlevel Changes.
[   15.387536] cloud-init[1526]: Cloud-init v. 19.2-36-g059d049c-0ubuntu2~16.04.1 running 'modules:final' at Tue, 15 Oct 2019 16:12:28 +0000. Up 15.12 seconds.
[   15.397055] cloud-init[1526]: Cloud-init v. 19.2-36-g059d049c-0ubuntu2~16.04.1 finished at Tue, 15 Oct 2019 16:12:28 +0000. Datasource DataSourceNoCloud [seed=/dev/sdb][dsmode=net].  Up 15.37 seconds
[[0;32m  OK  [0m] Started Execute cloud user/final scripts.
[[0;32m  OK  [0m] Reached target Cloud-init target.

Ubuntu 16.04.6 LTS ubuntu-xenial ttyS0

ubuntu-xenial login: 